===== Config file =====
[mcu]
serial = /dev/serial/by-id/usb-Klipper_stm32h723xx_170030001651313238353730-if00
baud = 250000
restart_method = command

[printer]
kinematics = cartesian
max_velocity = 400
max_accel = 9700
max_z_velocity = 20
max_z_accel = 700
square_corner_velocity = 5.0

[gcode_shell_command update_git_script]
command = bash /home/octo/able_data/klipper-backup/script.sh
timeout = 90.0
verbose = True

[virtual_sdcard]
path = /home/octo/able_data/gcodes
on_error_gcode = CANCEL_PRINT
with_subdirs = True

[pause_resume]
recover_velocity = 70

[display_status]

[respond]
default_type = echo
default_prefix = echo:
enable_respond = True

[gcode_macro CANCEL_PRINT]
description = Cancel the actual running print
rename_existing = BASE_CANCEL_PRINT
gcode = 
	TURN_OFF_HEATERS
	CLEAR_PAUSE
	SDCARD_RESET_FILE
	BASE_CANCEL_PRINT
	G91
	G1 E-3 F2100
	G1 Z10
	G90
	G1 X225 Y225 F6000

[gcode_macro PAUSE]
description = Pause the actual running print
rename_existing = BASE_PAUSE
gcode = 
	SAVE_GCODE_STATE NAME=PAUSE_state
	BASE_PAUSE
	G91
	G1 E-2 F2100
	G1 Z10
	G90
	G1 X225 Y225 F6000

[gcode_macro RESUME]
description = Resume the actual running print
rename_existing = BASE_RESUME
variable_last_extruder_temp = {'restore': False, 'temp': 0}
variable_restore_idle_timeout = 0
variable_idle_state = False
gcode = 
	G91
	G1 E1.1 F2100
	G90
	RESTORE_GCODE_STATE NAME=PAUSE_state MOVE=1
	BASE_RESUME

[gcode_macro SET_PAUSE_NEXT_LAYER]
description = Enable a pause if the next layer is reached
gcode = 
	{% set pause_next_layer = printer['gcode_macro SET_PRINT_STATS_INFO'].pause_next_layer %}
	{% set ENABLE = params.ENABLE|default(1)|int != 0 %}
	{% set MACRO = params.MACRO|default(pause_next_layer.call, True) %}
	SET_GCODE_VARIABLE MACRO=SET_PRINT_STATS_INFO VARIABLE=pause_next_layer VALUE="{{ 'enable': ENABLE, 'call': MACRO }}"

[gcode_macro SET_PAUSE_AT_LAYER]
description = Enable/disable a pause if a given layer number is reached
gcode = 
	{% set pause_at_layer = printer['gcode_macro SET_PRINT_STATS_INFO'].pause_at_layer %}
	{% set ENABLE = params.ENABLE|int != 0 if params.ENABLE is defined
	else params.LAYER is defined %}
	{% set LAYER = params.LAYER|default(pause_at_layer.layer)|int %}
	{% set MACRO = params.MACRO|default(pause_at_layer.call, True) %}
	SET_GCODE_VARIABLE MACRO=SET_PRINT_STATS_INFO VARIABLE=pause_at_layer VALUE="{{ 'enable': ENABLE, 'layer': LAYER, 'call': MACRO }}"

[gcode_macro SET_PRINT_STATS_INFO]
rename_existing = SET_PRINT_STATS_INFO_BASE
description = Overwrite, to get pause_next_layer and pause_at_layer feature
variable_pause_next_layer = { 'enable': False, 'call': "PAUSE" }
variable_pause_at_layer = { 'enable': False, 'layer': 0, 'call': "PAUSE" }
gcode = 
	{% if pause_next_layer.enable %}
	RESPOND TYPE=echo MSG='{"%s, forced by pause_next_layer" % pause_next_layer.call}'
	{pause_next_layer.call}
	SET_PAUSE_NEXT_LAYER ENABLE=0
	{% elif pause_at_layer.enable and params.CURRENT_LAYER is defined and params.CURRENT_LAYER|int == pause_at_layer.layer %}
	RESPOND TYPE=echo MSG='{"%s, forced by pause_at_layer [%d]" % (pause_at_layer.call, pause_at_layer.layer)}'
	{pause_at_layer.call}
	SET_PAUSE_AT_LAYER ENABLE=0
	{% endif %}
	SET_PRINT_STATS_INFO_BASE {rawparams}

[gcode_macro _TOOLHEAD_PARK_PAUSE_CANCEL]
description = Helper: park toolhead used in PAUSE and CANCEL_PRINT
gcode = 
	
	{% set client = printer['gcode_macro _CLIENT_VARIABLE']|default({}) %}
	{% set velocity = printer.configfile.settings.pause_resume.recover_velocity %}
	{% set use_custom     = client.use_custom_pos|default(false)|lower == 'true' %}
	{% set custom_park_x  = client.custom_park_x|default(0.0) %}
	{% set custom_park_y  = client.custom_park_y|default(0.0) %}
	{% set park_dz        = client.custom_park_dz|default(2.0)|abs %}
	{% set sp_hop         = client.speed_hop|default(15) * 60 %}
	{% set sp_move        = client.speed_move|default(velocity) * 60 %}
	
	{% set origin    = printer.gcode_move.homing_origin %}
	{% set act       = printer.gcode_move.gcode_position %}
	{% set max       = printer.toolhead.axis_maximum %}
	{% set cone      = printer.toolhead.cone_start_z|default(max.z) %}
	{% set round_bed = True if printer.configfile.settings.printer.kinematics is in ['delta','polar','rotary_delta','winch']
	else False %}
	
	{% set z_min = params.Z_MIN|default(0)|float %}
	{% set z_park = [[(act.z + park_dz), z_min]|max, (max.z - origin.z)]|min %}
	{% set x_park = params.X       if params.X is defined
	else custom_park_x  if use_custom
	else 0.0            if round_bed
	else (max.x - 5.0) %}
	{% set y_park = params.Y       if params.Y is defined
	else custom_park_y  if use_custom
	else (max.y - 5.0)  if round_bed and z_park < cone
	else 0.0            if round_bed
	else (max.y - 5.0) %}
	
	_CLIENT_RETRACT
	{% if "xyz" in printer.toolhead.homed_axes %}
	G90
	G1 Z{z_park} F{sp_hop}
	G1 X{x_park} Y{y_park} F{sp_move}
	{% if not printer.gcode_move.absolute_coordinates %} G91 {% endif %}
	{% else %}
	RESPOND TYPE=echo MSG='Printer not homed'
	{% endif %}

[gcode_macro _CLIENT_EXTRUDE]
description = Extrudes, if the extruder is hot enough
gcode = 
	
	{% set client = printer['gcode_macro _CLIENT_VARIABLE']|default({}) %}
	{% set use_fw_retract = (client.use_fw_retract|default(false)|lower == 'true') and (printer.firmware_retraction is defined) %}
	{% set length = params.LENGTH|default(client.unretract)|default(1.0)|float %}
	{% set speed = params.SPEED|default(client.speed_unretract)|default(35) %}
	{% set absolute_extrude = printer.gcode_move.absolute_extrude %}
	
	{% if printer.toolhead.extruder != '' %}
	{% if printer[printer.toolhead.extruder].can_extrude %}
	{% if use_fw_retract %}
	{% if length < 0 %}
	G10
	{% else %}
	G11
	{% endif %}
	{% else %}
	M83
	G1 E{length} F{(speed|float|abs) * 60}
	{% if absolute_extrude %}
	M82
	{% endif %}
	{% endif %}
	{% else %}
	RESPOND TYPE=echo MSG='{"\"%s\" not hot enough" % printer.toolhead.extruder}'
	{% endif %}
	{% endif %}

[gcode_macro _CLIENT_RETRACT]
description = Retracts, if the extruder is hot enough
gcode = 
	{% set client = printer['gcode_macro _CLIENT_VARIABLE']|default({}) %}
	{% set length = params.LENGTH|default(client.retract)|default(1.0)|float %}
	{% set speed = params.SPEED|default(client.speed_retract)|default(35) %}
	
	_CLIENT_EXTRUDE LENGTH=-{length|float|abs} SPEED={speed|float|abs}

[gcode_macro _CLIENT_LINEAR_MOVE]
description = Linear move with save and restore of the gcode state
gcode = 
	{% set x_move = "X" ~ params.X if params.X is defined else "" %}
	{% set y_move = "Y" ~ params.Y if params.Y is defined else "" %}
	{% set z_move = "Z" ~ params.Z if params.Z is defined else "" %}
	{% set e_move = "E" ~ params.E if params.E is defined else "" %}
	{% set rate = "F" ~ params.F if params.F is defined else "" %}
	{% set ABSOLUTE = params.ABSOLUTE | default(0) | int != 0 %}
	{% set ABSOLUTE_E = params.ABSOLUTE_E | default(0) | int != 0 %}
	SAVE_GCODE_STATE NAME=_client_movement
	{% if x_move or y_move or z_move %}
	G9{ 0 if ABSOLUTE else 1 }
	{% endif %}
	{% if e_move %}
	M8{ 2 if ABSOLUTE_E else 3 }
	{% endif %}
	G1 { x_move } { y_move } { z_move } { e_move } { rate }
	RESTORE_GCODE_STATE NAME=_client_movement

[gcode_macro _CLIENT_VARIABLE]
gcode = 
	variable_use_custom_pos   : True
	variable_custom_park_x    : 225.0
	variable_custom_park_y    : 225.0
	variable_custom_park_dz   : 10.0
	
	
	
	
	
	variable_speed_hop        : 15.0
	variable_speed_move       : 100.0
	variable_park_at_cancel   : True
	variable_park_at_cancel_x : True
	variable_park_at_cancel_y : True

[gcode_macro BACK_UP_GITHUB]
gcode = 
	RUN_SHELL_COMMAND CMD=update_git_script

[gcode_macro FAKE_POSITION]
gcode = 
	SET_KINEMATIC_POSITION X=10 Y=10 Z=10

[gcode_macro _B28]
gcode = 
	{% if "xyz" not in printer.toolhead.homed_axes %}
	G28
	{% endif %}

[gcode_macro PERCISE_HOME]
gcode = 
	G28
	G29

[gcode_macro G28]
rename_existing = G28.8888888888
gcode = 
	FAKE_POSITION
	G4 P4000
	G1 Z20
	G4 P2000
	M117 Homing
	G90
	G28.8888888888 Y
	G1 Y5 F1800
	G4 P2000
	G28.8888888888 X
	G1 X5 F1800
	G4 P2000
	G28.8888888888 Z
	M117 Homed

[gcode_macro PRIME_EXTRUDER]
gcode = 
	
	M117 Priming Line
	G92 E0
	G1 X2.1 Y20 Z0.5 F3000
	G1 X2.1 Y200 Z0.28 F1800.0 E35; Draw the first line
	G92 E0
	G1 X2.4 Y200 Z0.28 F5000.0; Move to the side a little
	G1 X2.4 Y20.0 Z0.28 F1800.0 E30; Draw the second line
	G92 E0
	G1 F2400 E-0.02
	G92 E0
	G1 Z2.0 F3000
	SMART_PARK
	M117 Away We Go

[gcode_macro START_PRINT]
gcode = 
	_SET_MPC_MATERIAL MATERIAL={params.MATERIAL}
	{% set BED_TEMP = params.BED_TEMP|default(75) | float %}
	{% set EXTRUDER_TEMP = params.EXTRUDER_TEMP|default(170) | float %}
	
	M117 PRE-Heating bed
	M140 S{BED_TEMP}
	
	M117 PRE-Heating nozzle
	M104 S170
	
	G90
	M73
	
	SET_GCODE_OFFSET Z=0.0
	
	_B28
	
	G1 Z5 F3000
	
	G1 Z0.45 F300
	
	M190 S{BED_TEMP}
	
	Z_TILT_ADJUST
	
	BED_MESH_CALIBRATE
	M117 Adaptive Mesh
	
	M109 S{EXTRUDER_TEMP}
	
	PRIME_EXTRUDER

[gcode_macro END_PRINT]
gcode = 
	G91
	G1 E-2 Z5 F2700
	G90
	G1 X225 Y225 F9000
	M104 S0
	M140 S0
	M107
	M84
	M221 S100
	M220 S100
	_ADD_MAINTENANCE_TIMER
	M117 Print Complete

[gcode_macro m201]
description = Sets maximum accelleration.
	Usage: M201 [X<accel>] [Y<accel>]
variable_max_accel = 1.7976931348623157e+308
gcode = 
	{% set km = printer["gcode_macro _km_globals"] %}
	{% if 'X' in params or 'Y' in params %}
	{% set accel = (params.X|default(params.Y)|float,
	params.Y|default(params.X)|float)|min %}
	SET_GCODE_VARIABLE MACRO=m201 VARIABLE=max_accel VALUE="{accel}"
	{% else %}
	SET_VELOCITY_LIMIT
	{% endif %}

[gcode_macro m203]
description = Sets maximum velocity.
	Usage: M203 [X<velocity>] [Y<velocity>]
gcode = 
	{% if 'X' in params or 'Y' in params %}
	{% set velocity = (params.X|default(params.Y)|float,
	params.Y|default(params.X)|float)|min %}
	SET_VELOCITY_LIMIT VELOCITY="{velocity}"
	{% else %}
	SET_VELOCITY_LIMIT
	{% endif %}

[gcode_macro m205]
description = Sets square corner velocity.
	Usage: M203 [X<velocity>] [Y<velocity>]
gcode = 
	{% if 'X' in params or 'Y' in params %}
	SET_VELOCITY_LIMIT SQUARE_CORNER_VELOCITY="{
	(params.X|default(0)|float, params.Y|default(0)|float)|min}"
	{% else %}
	SET_VELOCITY_LIMIT
	{% endif %}

[gcode_macro m900]
description = Sets pressure advance.
	Usage: M900 [K<advance>] [T<extruder_index>]
gcode = 
	{% set km = printer["gcode_macro _km_globals"] %}
	{% if km.pressure_advance_scale > 0.0 %}
	{% set extruder = "extruder" ~ params.T|replace('0', '')
	if "T" in params else printer.toolhead.extruder %}
	{% if 'K' in params %}
	SET_PRESSURE_ADVANCE EXTRUDER="{extruder}" ADVANCE="{
	params.K|float * km.pressure_advance_scale}"
	{% endif %}
	{% endif %}

[gcode_macro _reset_velocity_limits]
description = Sets maximum accelleration.
	Usage: M204 [S<accel>] [P<accel> T<accel>]
gcode = 
	SET_GCODE_VARIABLE MACRO=m201 VARIABLE=max_accel VALUE="{1.7976931348623157e+308}"

[gcode_macro m300]
description = Emits and audible beep.
	Usage: M300 [P<duration>] [S<frequency>]
gcode = 
	{% set settings = printer.configfile.settings %}
	{% if "output_pin beeper" in printer %}
	{% set P = (params.P|default(100)|int, 0)|max %}
	{% set S = (params.S|default(1000)|int, 1)|max %}
	SET_PIN PIN=beeper VALUE={% if settings["output_pin beeper"].pwm %}{
	settings["output_pin beeper"].scale|default(1.0) * 0.5
	} CYCLE_TIME={ 1.0 / S }{% else %}1{% endif %}
	G4 P{P}
	SET_PIN PIN=beeper VALUE=0
	{% else %}
	{action_respond_info(
	"M300 is disabled. To enable create an [output_pin beeper] config.")}
	{% endif %}

[gcode_macro _SET_MPC_MATERIAL]
description = Set heater MPC parameters for a given material
variable_filament_table = 
	
	{
	
	"PLA"       : ( 1.25, 1.93 ),
	"PETG"      : ( 1.27, 1.87 ),
	"PC+ABS"    : ( 1.15, 2.20 ),
	"ABS"       : ( 1.06, 2.40 ),
	"ASA"       : ( 1.10, 2.10 ),
	"PA6"       : ( 1.12, 2.50 ),
	"PA"        : ( 1.15, 2.50 ),
	"PC"        : ( 1.20, 1.90 ),
	"TPU"       : ( 1.21, 1.70 ),
	"TPU-90A"   : ( 1.15, 2.00 ),
	"TPU-95A"   : ( 1.22, 2.00 ),
	"ABS-CF"    : ( 1.11, 2.40 ),
	"ASA-CF"    : ( 1.11, 2.10 ),
	"PA6-CF"    : ( 1.19, 2.50 ),
	"PC+ABS-CF" : ( 1.22, 2.20 ),
	"PC+CF"     : ( 1.36, 1.90 ),
	"PLA-CF"    : ( 1.29, 2.20 ),
	"PETG-CF"   : ( 1.30, 2.20 ),
	}
gcode = 
	{% set material = params.MATERIAL | upper %}
	{% set heater = params.HEATER | default('extruder') %}
	{% set extruder_config = printer.configfile.settings[heater] %}
	
	{% if material in filament_table %}
	{% set (density, heat_capacity) = filament_table[material] %}
	
	RESPOND PREFIX=🔥 MSG="Configured {heater} MPC for {material}. Density: {density}, Heat Capacity: {heat_capacity}"
	{% else %}
	{% set density = extruder_config.filament_density %}
	{% set heat_capacity=extruder_config.filament_heat_capacity %}
	
	RESPOND PREFIX=🔥 MSG="Unknown material '{material}', using default mpc parameters for {heater}"
	{% endif %}
	
	MPC_SET HEATER={heater} FILAMENT_DENSITY={density} FILAMENT_HEAT_CAPACITY={heat_capacity}

[gcode_macro SET_ACTIVE_SPOOL]
gcode = 
	{% if params.ID %}
	{% set id = params.ID|int %}
	{action_call_remote_method(
	"spoolman_set_active_spool",
	spool_id=id
	)}
	{% else %}
	{action_respond_info("Parameter 'ID' is required")}
	{% endif %}

[gcode_macro CLEAR_ACTIVE_SPOOL]
gcode = 
	{action_call_remote_method(
	"spoolman_set_active_spool",
	spool_id=None
	)}

[stepper_x]
step_pin = PD4
dir_pin = !PD3
enable_pin = !PD6
microsteps = 256
rotation_distance = 40
endstop_pin = tmc2209_stepper_x:virtual_endstop
position_endstop = 0
position_min = 0
position_max = 230
homing_positive_dir = false
homing_speed = 39
step_pulse_duration = 0.000000100
full_steps_per_rotation = 200
use_sensorless_homing = True
high_precision_step_compress = True

[autotune_tmc stepper_x]
motor = creality-42-40
tuning_goal = auto
extra_hysteresis = 2
sg4_thrs = 115
voltage = 24
pwm_freq_target = 55e3

[tmc2209 stepper_x]
uart_pin = PD5
run_current = 0.900
diag_pin = ^PC1
interpolate = False
stealthchop_threshold = 0
sense_resistor = 0.110
driver_iholddelay = 8
driver_tpowerdown = 20
driver_tbl = 2
driver_toff = 3
driver_hend = 0
driver_hstrt = 5
driver_pwm_autograd = True
driver_pwm_autoscale = True
driver_pwm_lim = 12
driver_pwm_reg = 8
driver_pwm_freq = 1
driver_pwm_grad = 14
driver_pwm_ofs = 36

[stepper_y]
step_pin = PA15
dir_pin = !PA8
enable_pin = !PD1
microsteps = 256
rotation_distance = 40
endstop_pin = tmc2209_stepper_y:virtual_endstop
position_endstop = -13
position_min = -13
position_max = 232
homing_positive_dir = false
homing_speed = 53
step_pulse_duration = 0.000000100
full_steps_per_rotation = 200
use_sensorless_homing = True
high_precision_step_compress = True

[autotune_tmc stepper_y]
motor = creality-42-40
tuning_goal = auto
extra_hysteresis = 2
sg4_thrs = 115
voltage = 24
pwm_freq_target = 55e3

[tmc2209 stepper_y]
uart_pin = PD0
run_current = 0.780
diag_pin = ^PC3
interpolate = False
stealthchop_threshold = 0
sense_resistor = 0.110
driver_iholddelay = 8
driver_tpowerdown = 20
driver_tbl = 2
driver_toff = 3
driver_hend = 0
driver_hstrt = 5
driver_pwm_autograd = True
driver_pwm_autoscale = True
driver_pwm_lim = 12
driver_pwm_reg = 8
driver_pwm_freq = 1
driver_pwm_grad = 14
driver_pwm_ofs = 36

[stepper_z]
step_pin = PE2
dir_pin = PE3
enable_pin = !PE0
microsteps = 256
rotation_distance = 8
endstop_pin = probe:z_virtual_endstop
position_max = 190
position_min = -4.0
homing_positive_dir = false
homing_retract_dist = 0
homing_speed = 10.0
step_pulse_duration = 0.000000100
full_steps_per_rotation = 200
high_precision_step_compress = True

[autotune_tmc stepper_z]
motor = creality-42-34
tuning_goal = silent
extra_hysteresis = 2
voltage = 24
pwm_freq_target = 55e3

[tmc2209 stepper_z]
uart_pin = PE1
run_current = 0.600
diag_pin = PC13
interpolate = False
stealthchop_threshold = 999999
sense_resistor = 0.110
driver_iholddelay = 8
driver_tpowerdown = 20
driver_toff = 2
driver_hstrt = 7
driver_hend = 6
driver_tbl = 1
driver_pwm_ofs = 30
driver_pwm_grad = 9
driver_pwm_freq = 2
driver_pwm_autograd = 1
driver_pwm_autoscale = 1
driver_pwm_reg = 15
driver_pwm_lim = 4

[stepper_z1]
step_pin = PD11
dir_pin = PD10
enable_pin = !PD13
microsteps = 256
rotation_distance = 8
step_pulse_duration = 0.000000100
full_steps_per_rotation = 200
high_precision_step_compress = True

[autotune_tmc stepper_z1]
motor = creality-42-34
tuning_goal = silent
extra_hysteresis = 2
voltage = 24
pwm_freq_target = 55e3

[tmc2209 stepper_z1]
uart_pin = PD12
run_current = 0.600
diag_pin = PC13
interpolate = False
stealthchop_threshold = 999999
sense_resistor = 0.110
driver_iholddelay = 8
driver_tpowerdown = 20
driver_toff = 2
driver_hstrt = 7
driver_hend = 6
driver_tbl = 1
driver_pwm_ofs = 30
driver_pwm_grad = 9
driver_pwm_freq = 2
driver_pwm_autograd = 1
driver_pwm_autoscale = 1
driver_pwm_reg = 15
driver_pwm_lim = 4

[gcode_macro BED_MESH_CALIBRATE]
rename_existing = _BED_MESH_CALIBRATE
gcode = 
	
	{% set all_points = printer.exclude_object.objects | map(attribute='polygon') | sum(start=[]) %}
	{% set bed_mesh_min = printer.configfile.settings.bed_mesh.mesh_min %}
	{% set bed_mesh_max = printer.configfile.settings.bed_mesh.mesh_max %}
	{% set probe_count = printer.configfile.settings.bed_mesh.probe_count %}
	{% set kamp_settings = printer["gcode_macro _KAMP_Settings"] %}
	{% set verbose_enable = kamp_settings.verbose_enable | abs %}
	{% set probe_dock_enable = kamp_settings.probe_dock_enable | abs %}
	{% set attach_macro = kamp_settings.attach_macro | string %}
	{% set detach_macro = kamp_settings.detach_macro | string %}
	{% set mesh_margin = kamp_settings.mesh_margin | float %}
	{% set fuzz_amount = kamp_settings.fuzz_amount | float %}
	{% set probe_count = probe_count if probe_count|length > 1 else probe_count * 2  %}
	{% set max_probe_point_distance_x = ( bed_mesh_max[0] - bed_mesh_min[0] ) / (probe_count[0] - 1)  %}
	{% set max_probe_point_distance_y = ( bed_mesh_max[1] - bed_mesh_min[1] ) / (probe_count[1] - 1)  %}
	{% set x_min = all_points | map(attribute=0) | min | default(bed_mesh_min[0]) %}
	{% set y_min = all_points | map(attribute=1) | min | default(bed_mesh_min[1]) %}
	{% set x_max = all_points | map(attribute=0) | max | default(bed_mesh_max[0]) %}
	{% set y_max = all_points | map(attribute=1) | max | default(bed_mesh_max[1]) %}
	
	{% set fuzz_range = range((0) | int, (fuzz_amount * 100) | int + 1) %}
	{% set adapted_x_min = x_min - mesh_margin - (fuzz_range | random / 100.0) %}
	{% set adapted_y_min = y_min - mesh_margin - (fuzz_range | random / 100.0) %}
	{% set adapted_x_max = x_max + mesh_margin + (fuzz_range | random / 100.0) %}
	{% set adapted_y_max = y_max + mesh_margin + (fuzz_range | random / 100.0) %}
	
	{% set adapted_x_min = [adapted_x_min , bed_mesh_min[0]] | max %}
	{% set adapted_y_min = [adapted_y_min , bed_mesh_min[1]] | max %}
	{% set adapted_x_max = [adapted_x_max , bed_mesh_max[0]] | min %}
	{% set adapted_y_max = [adapted_y_max , bed_mesh_max[1]] | min %}
	
	{% set points_x = (((adapted_x_max - adapted_x_min) / max_probe_point_distance_x) | round(method='ceil') | int) + 1 %}
	{% set points_y = (((adapted_y_max - adapted_y_min) / max_probe_point_distance_y) | round(method='ceil') | int) + 1 %}
	
	{% if (([points_x, points_y]|max) > 6) %}
	{% set algorithm = "bicubic" %}
	{% set min_points = 4 %}
	{% else %}
	{% set algorithm = "lagrange" %}
	{% set min_points = 3 %}
	{% endif %}
	
	{% set points_x = [points_x , min_points]|max %}
	{% set points_y = [points_y , min_points]|max %}
	{% set points_x = [points_x , probe_count[0]]|min %}
	{% set points_y = [points_y , probe_count[1]]|min %}
	
	{% if verbose_enable == True %}
	{% if printer.exclude_object.objects != [] %}
	
	{ action_respond_info( "Algorithm: {}.".format(
	(algorithm),
	)) }
	
	{ action_respond_info("Default probe count: {},{}.".format(
	(probe_count[0]),
	(probe_count[1]),
	)) }
	
	{ action_respond_info("Adapted probe count: {},{}.".format(
	(points_x),
	(points_y),
	)) }
	
	{action_respond_info("Default mesh bounds: {}, {}.".format(
	(bed_mesh_min[0],bed_mesh_min[1]),
	(bed_mesh_max[0],bed_mesh_max[1]),
	)) }
	
	{% if mesh_margin > 0 %}
	{action_respond_info("Mesh margin is {}, mesh bounds extended by {}mm.".format(
	(mesh_margin),
	(mesh_margin),
	)) }
	{% else %}
	{action_respond_info("Mesh margin is 0, margin not increased.")}
	{% endif %}
	
	{% if fuzz_amount > 0 %}
	{action_respond_info("Mesh point fuzzing enabled, points fuzzed up to {}mm.".format(
	(fuzz_amount),
	)) }
	{% else %}
	{action_respond_info("Fuzz amount is 0, mesh points not fuzzed.")}
	{% endif %}
	
	{ action_respond_info("Adapted mesh bounds: {}, {}.".format(
	(adapted_x_min, adapted_y_min),
	(adapted_x_max, adapted_y_max),
	)) }
	
	{action_respond_info("KAMP adjustments successful. Happy KAMPing!")}
	
	{% else %}
	
	{action_respond_info("No objects detected! Check your gcode and make sure that EXCLUDE_OBJECT_DEFINE is happening before BED_MESH_CALIBRATE is called. Defaulting to regular meshing.")}
	G4 P5000
	{% endif %}
	
	{% endif %}
	
	{% if probe_dock_enable == True %}
	{attach_macro}
	{% endif %}
	
	_BED_MESH_CALIBRATE mesh_min={adapted_x_min},{adapted_y_min} mesh_max={adapted_x_max},{adapted_y_max} ALGORITHM={algorithm} PROBE_COUNT={points_x},{points_y}
	
	{% if probe_dock_enable == True %}
	{detach_macro}
	{% endif %}

[gcode_macro SMART_PARK]
description = Parks your printhead near the print area for pre-print hotend heating.
gcode = 
	
	{% set kamp_settings = printer["gcode_macro _KAMP_Settings"] %}
	{% set z_height = kamp_settings.smart_park_height | float %}
	{% set purge_margin = kamp_settings.purge_margin | float %}
	{% set verbose_enable = kamp_settings.verbose_enable | abs %}
	{% set center_x = printer.toolhead.axis_maximum.x / 2 | float %}
	{% set center_y = printer.toolhead.axis_maximum.y / 2 | float %}
	{% set axis_minimum_x = printer.toolhead.axis_minimum.x | float %}
	{% set axis_minimum_y = printer.toolhead.axis_minimum.y | float %}
	{% set all_points = printer.exclude_object.objects | map(attribute='polygon') | sum(start=[]) %}
	{% set x_min = all_points | map(attribute=0) | min | default(center_x) %}
	{% set y_min = all_points | map(attribute=1) | min | default(center_y) %}
	{% set travel_speed = (printer.toolhead.max_velocity) * 60 | float %}
	
	{% if purge_margin > 0 and x_min != center_x and y_min != center_y %}
	{% set x_min = [ x_min - purge_margin , x_min ] | min %}
	{% set y_min = [ y_min - purge_margin , y_min ] | min %}
	{% set x_min = [ x_min , axis_minimum_x ] | max %}
	{% set y_min = [ y_min , axis_minimum_y ] | max %}
	{% endif %}
	
	
	{% if verbose_enable == True %}
	
	{ action_respond_info("Smart Park location: {},{}.".format(
	(x_min),
	(y_min),
	)) }
	
	{% endif %}
	
	SAVE_GCODE_STATE NAME=Presmartpark_State
	
	G90
	{% if printer.toolhead.position.z < z_height %}
	G0 Z{z_height}
	{% endif %}
	G0 X{x_min} Y{y_min} F3000
	G0 Z{z_height}
	
	RESTORE_GCODE_STATE NAME=Presmartpark_State

[gcode_macro _KAMP_Settings]
description = This macro contains all adjustable settings for KAMP
variable_verbose_enable = True
variable_mesh_margin = 15
variable_fuzz_amount = 0
variable_probe_dock_enable = False
variable_purge_height = 0.8
variable_tip_distance = 0
variable_purge_margin = 10
variable_purge_amount = 30
variable_flow_rate = 12
variable_smart_park_height = 10
gcode = 
	
	{action_respond_info(" Running the KAMP_Settings macro does nothing, it is only used for storing KAMP settings. ")}

[temperature_sensor mcu_temp]
sensor_type = temperature_mcu
min_temp = 0
max_temp = 85

[temperature_sensor rhino_linux]
sensor_type = temperature_host
min_temp = 10
max_temp = 105

[fan]
pin = PB7
hardware_pwm = True
cycle_time = 0.0166
kick_start_time = 0.5

[heater_fan heatbreak]
pin = PB6
hardware_pwm = false
fan_speed = 1.0
cycle_time = 0.0166
kick_start_time = 0.5
heater = extruder
heater_temp = 50.0

[controller_fan driver_Fan]
pin = PB5
max_power = 1.0
shutdown_speed = 0
cycle_time = 0.010
hardware_pwm = False
kick_start_time = 0.100
fan_speed = 1.0
idle_timeout = 120
idle_speed = 0.25
heater = extruder
stepper = stepper_x, stepper_y, stepper_z, stepper_z1

[gcode_macro PART_COOLING_FAN_ON]
gcode = 
	M106 S255

[gcode_macro PART_COOLING_FAN_OFF]
gcode = 
	M106 S0

[gcode_macro _check_fan_params]
gcode = 
	{% set MAXIMUM = params.MAXIMUM|default(
	printer["gcode_macro set_fan_scaling"].maximum)|int %}
	{% set MINIMUM = params.MINIMUM|default(
	printer["gcode_macro set_fan_scaling"].minimum)|int %}
	
	{% if params.SCALE and params.SCALE|float <= 0 %}
	{ action_raise_error("SCALE must be a positive value.") }
	{% elif MINIMUM < 0 or MINIMUM > 255 %}
	{ action_raise_error("MINIMUM must be between 0 and 255.") }
	{% elif MAXIMUM < 0 or MAXIMUM > 255 %}
	{ action_raise_error("MAXIMUM must be between 0 and 255.") }
	{% elif params.SPEED and (params.SPEED|int < 0 or params.SPEED|int > 255) %}
	{ action_raise_error("SPEED must be between 0 and 255.") }
	{% elif params.BOOST and (params.BOOST|int < 0 or params.BOOST|int > 255) %}
	{ action_raise_error("BOOST must be between 0 and 255.") }
	{% elif MINIMUM > MAXIMUM %}
	{ action_raise_error("MINIMUM must be less than or equal to MAXIMUM.") }
	{% endif %}

[gcode_macro set_fan_scaling]
description = Sets fan scaling factors applied to M106 command. If a speed is
	provided it will be adjusted according to the scaling parameters.
	Usage: SET_FAN_SCALING [SCALE=<scale>] [BOOST=<boost>] [MAXIMUM=<max>]
	[MINIMUM=<min>] [SPEED=<speed>]
variable_scale = 1.0
variable_boost = 0
variable_minimum = 0
variable_maximum = 255
variable_real_speed = 0
gcode = 
	_CHECK_FAN_PARAMS{% for k in params %}{' '~k~'='~params[k]}{% endfor %}
	{% set SCALE = params.SCALE|default(scale)|float %}
	{% set BOOST = params.BOOST|default(boost)|float %}
	{% set MAXIMUM = params.MAXIMUM|default(maximum)|int %}
	{% set MINIMUM = params.MINIMUM|default(minimum)|int %}
	{% set SPEED = params.SPEED|default(real_speed)|int %}
	
	{% if SCALE != 1.0 or BOOST != 0 or MAXIMUM != 255 or MINIMUM != 0 %}
	{action_respond_info("Fan: Scale: %.2f Minimum:%i Maximum: %i Speed: %i"|
	format(SCALE, MINIMUM, MAXIMUM, SPEED))}
	{% endif %}
	
	
	{% if params|length > 0 %}
	SET_GCODE_VARIABLE MACRO=set_fan_scaling VARIABLE=scale VALUE="{SCALE}"
	SET_GCODE_VARIABLE MACRO=set_fan_scaling VARIABLE=boost VALUE="{BOOST}"
	SET_GCODE_VARIABLE MACRO=set_fan_scaling VARIABLE=minimum VALUE="{MINIMUM}"
	SET_GCODE_VARIABLE MACRO=set_fan_scaling VARIABLE=maximum VALUE="{MAXIMUM}"
	
	M106 S{SPEED}
	{% endif %}
	
	{% set dummy = None if True else "
	{% set dummy = params.SCALE|default(1.0)|float %}
	{% set dummy = params.BUMP|default(0)|int %}
	{% set dummy = params.MAXIMUM|default(255)|int %}
	{% set dummy = params.MINIMUM|default(0)|int %}
	{% set dummy = params.SPEED|default(current speed)|int %}
	" %}

[gcode_macro reset_fan_scaling]
description = Clears all fan scaling factors.
	Usage: RESET_FAN_SCALING
gcode = 
	SET_FAN_SCALING SCALE=1.0 BOOST=0 MAXIMUM=255 MINIMUM=0

[gcode_macro m106]
description = Wraps M106 to implement scaling overrides.
rename_existing = M106.6245197
gcode = 
	{% set S = params.S|default(255)|int %}
	{% set scale = printer["gcode_macro set_fan_scaling"] %}
	SET_GCODE_VARIABLE MACRO=set_fan_scaling VARIABLE=real_speed VALUE="{S}"
	M106.6245197 S{((((S + scale.boost) * scale.scale) | round | int,
	scale.minimum) | max, scale.maximum) | min}

[firmware_retraction]
retract_length = 3.4
retract_speed = 32
unretract_extra_length = 0.00
unretract_speed = 20
z_hop_height = 0.5

[safe_z_home]
home_xy_position = 158.0, 109.5
speed = 120
z_hop = 10
z_hop_speed = 15
move_to_previous = False

[heater_bed]
heater_pin = PD7
sensor_type = EPCOS 100K B57560G104F
sensor_pin = PA1
min_temp = 10
max_temp = 120
control = pid
pid_kp = 64.542
pid_ki = 0.672
pid_kd = 1549.015

[gcode_macro BED_TRAMMING]
gcode = 
	M190 S72
	
	PERCISE_HOME
	G4 P2000
	SCREWS_TILT_CALCULATE

[gcode_macro MANUAL_BED_TRAMMING]
gcode = 
	M190 S75
	M109 S190
	PERCISE_HOME
	G4 P2000
	BED_SCREWS_ADJUST

[gcode_macro G29]
gcode = 
	BED_MESH_PROFILE load=default

[gcode_macro PID_BED]
gcode = 
	PID_CALIBRATE HEATER=heater_bed TARGET=72

[bed_mesh]
speed = 180
horizontal_move_z = 10
mesh_min = 5,15
mesh_max = 180,225
probe_count = 7,7
mesh_pps = 2,2
fade_start = 0.10
fade_end = 100
move_check_distance = 3
algorithm = bicubic
bicubic_tension = .5
split_delta_z = .0125
zero_reference_position = 150.5, 50

[screws_tilt_adjust]
screw1 = 69.5,45.5
screw1_name = front_left
screw2 = 229.5,45.5
screw2_name = front_right
screw3 = 69.5,212.5
screw3_name = back_left
screw4 = 229.5,212.5
screw4_name = back_right
speed = 150
horizontal_move_z = 10
screw_thread = CW-M4

[bed_screws]
screw1 = 69.5,45.5
screw1_name = front left screw
screw2 = 229.5,45.5
screw2_name = front right screw
screw3 = 229.5,212.5
screw3_name = rear right screw
screw4 = 69.5,212.5
screw4_name = rear left screw

[z_tilt]
z_positions = -24,132.5
	254,132.5
points = 
	60,109.5
	228,109.5
speed = 180
horizontal_move_z = 10
retries = 10
retry_tolerance = 0.05
adaptive_horizontal_move_z = true

[input_shaper]
shaper_freq_x = 61.2
shaper_freq_y = 45.8
shaper_type_x = zv
shaper_type_y = 2hump_ei
damping_ratio_x = 0.1
damping_ratio_y = 0.1

[gcode_macro MPC_Extruder]
gcode = 
	MPC_CALIBRATE HEATER=extruder

[gcode_macro calabrate_extruder]
gcode = 
	{% set length = params.LENGTH|default(100)|float %}
	{% set target = params.TARGET|float %}
	{% set min_temp = printer.configfile.settings.extruder.min_extrude_temp|int %}
	{% if not printer.extruder.can_extrude %}
	RESPOND TYPE=error MSG="Below minimum temp. Heating extruder..."
	M109 S{min_temp|int}
	{% endif %}
	{% if params.TARGET is defined %}
	{% if min_temp|int < target|float %}
	M109 S{target}
	M117 Heating nozzle...
	{% endif %}
	{% endif %}
	M117 EXTRUDING...
	G92 E0
	G91 E{length} F60
	G92 E0

[gcode_macro Calibrate_Home]
gcode = 
	G4 P4000
	M190 S75
	M109 S190
	_B28
	G4 P1000
	PROBE_CALIBRATE

[bltouch]
sensor_pin = ^PC13
control_pin = PE5
pin_move_time = 0.680
stow_on_each_sample = False
probe_with_touch_mode = True
x_offset = -47
y_offset = 0
speed = 10.0
lift_speed = 10.0
pin_up_touch_mode_reports_triggered = False
samples = 2
samples_result = average
sample_retract_dist = 10.0
samples_tolerance = 0.02
samples_tolerance_retries = 10
drop_first_result = True
z_offset = 2.535

[extruder]
step_pin = PD15
dir_pin = !PD14
enable_pin = !PC7
heater_pin = PB3
sensor_pin = PA2
sensor_type = ATC Semitec 104NT-4-R025H42G
gear_ratio = 3.5:1
microsteps = 16
rotation_distance = 26.3025
full_steps_per_rotation = 200
step_pulse_duration = 0.000000100
instantaneous_corner_velocity = 1.100
nozzle_diameter = 0.400
min_temp = 0
min_extrude_temp = 190
max_temp = 300
max_power = 1.0
max_extrude_only_distance = 200.0
pressure_advance = .0442
pressure_advance_smooth_time = 0.040
smooth_time = 1.0
filament_diameter = 1.750
heater_power = 115
cooling_fan = fan
control = mpc
block_heat_capacity = 22.3838
ambient_transfer = 0.106562
sensor_responsiveness = 0.0895798
fan_ambient_transfer = 0.106562, 0.141499, 0.157591
maximum_retract = 3.0
target_reach_time = 2.0
smoothing = 0.83
min_ambient_change = 1
steady_state_rate = 0.5

[autotune_tmc extruder]
motor = BJ42D09-20V02
tuning_goal = performance
extra_hysteresis = 2
voltage = 24
pwm_freq_target = 55e3

[tmc2209 extruder]
uart_pin = PC6
run_current = 0.800
diag_pin = PC2
interpolate = False
stealthchop_threshold = 0
sense_resistor = 0.110

[gcode_macro _MAINTENANCE_CONFIG]
variable_max_print_hours = 200
gcode = 

[gcode_macro _ALERT_CHECK]
description = 
gcode = 
	{% set option = params.MODE|default(0)|int %}
	{% set svv = printer.save_variables.variables %}
	{% if option == 0 %}
	{% if svv.maint_hr_counter == 0 %}
	
	{action_respond_info("MAINTENANCE TIMER HAS BEEN RESET TO %.2f HOURS."|format(svv.maint_hr_counter))}
	{% else %}
	
	{action_respond_info("ERROR: UNABLE TO RESET MAINTENANCE TIMER.  Check your variables.cfg to make sure data is correct.")}
	{% endif %}
	{% elif option == 1 %}
	{% if svv.maint_hr_counter > svv.maint_hr_max %}
	
	{action_respond_info("TIME FOR MAINTENANCE.  YOU HAVE %.2f PRINT HOURS."|format(svv.maint_hr_counter))}
	{% endif %}
	{% endif %}

[gcode_macro MAINTENANCE_RESET]
description = sets max hours and resets hour counter
gcode = 
	SAVE_VARIABLE VARIABLE=maint_hr_counter VALUE=0
	SAVE_VARIABLE VARIABLE=maint_hr_max VALUE={printer["gcode_macro _MAINTENANCE_CONFIG"].max_print_hours}
	_ALERT_CHECK

[gcode_macro MAINTENANCE_TIME]
description = displays current print hours since last maintenance
gcode = 
	{% set svv = printer.save_variables.variables %}
	{action_respond_info("CURRENTLY HAVE %.2f HOURS SINCE LAST MAINTENANCE.  YOUR MAX HOURS IS: %.2f"|format(svv.maint_hr_counter, svv.maint_hr_max))}

[gcode_macro _ADD_MAINTENANCE_TIMER]
description = updates the hourcounter variable with the recently completed print.  call this in your print_end.
gcode = 
	{% set svv = printer.save_variables.variables %}
	
	{% set total_hours = ((printer.print_stats.total_duration/3600)|round(2,'common')) %}
	
	{% if total_hours > 0 %}
	SAVE_VARIABLE VARIABLE=maint_hr_counter VALUE={svv.maint_hr_counter + total_hours}
	
	_ALERT_CHECK MODE=1
	{% endif %}

[filament_switch_sensor runout_sensor]
pause_on_runout = False
runout_gcode = M600
runout_distance = 10.0
event_delay = 3.0
switch_pin = PC2
smart = True
always_fire_events = False
check_on_print_start = True

[gcode_macro M600]
gcode = 
	
	
	
	
	
	
	SAVE_GCODE_STATE NAME=M600_state
	PAUSE
	
	
	
	
	
	
	
	
	UNLOAD_FILAMENT
	SET_FILAMENT_SENSOR SENSOR=runout_sensor ENABLE=0

[gcode_macro SWAP_RESUME]
gcode = 
	LOAD_FILAMENT
	RESTORE_GCODE_STATE NAME=M600_state
	SET_FILAMENT_SENSOR SENSOR=runout_sensor ENABLE=1
	resume

[idle_timeout]
timeout = 600
gcode = 
	M117 Timeout reached
	{% if printer.pause_resume.is_paused %}
	SET_IDLE_TIMEOUT TIMEOUT=7800
	{% else %}
	M84
	SET_HEATER_TEMPERATURE HEATER=extruder TARGET=0
	STATUS
	M117 Need Re-Home
	{% endif %}

[gcode_macro UNLOAD_FILAMENT]
gcode = 
	{% set length = params.LENGTH|default(100)|float %}
	{% set target = params.TARGET|default(240)|float %}
	
	{% set cur_temp = printer.extruder.temperature|float %}
	{% set min_temp = printer.configfile.settings.extruder.min_extrude_temp|int %}
	{% if not printer.extruder.can_extrude %}
	RESPOND TYPE=error MSG="Below minimum temp. Heating extruder..."
	M109 S{min_temp|int}
	{% endif %}
	{% if params.TARGET is defined %}
	{% if cur_temp|float < target|float or min_temp|int < target|int %}
	M109 S{target}
	M117 Heating nozzle...
	{% endif %}
	{% endif %}
	
	G92 E0
	G1 E7.0 F1200
	G1 E2.0 F1600
	G4 P300
	G92 E0
	G1 E-10.0 F4000
	G92 E0
	G4 P600
	G1 E-{length} F3000
	G92 E0
	CLEAR_ACTIVE_SPOOL

[gcode_macro LOAD_FILAMENT]
gcode = 
	{% set slow = params.SLOW|default(20)|float %}
	{% set fast = params.FAST|default(40)|float %}
	
	{% set target = params.TARGET|default(220)|float %}
	{% set cur_temp = printer.extruder.temperature|float %}
	{% set min_temp = printer.configfile.settings.extruder.min_extrude_temp|int %}
	{% if not printer.extruder.can_extrude %}
	RESPOND TYPE=error MSG="Below minimum temp. Heating extruder..."
	M109 S{min_temp|int}
	{% endif %}
	{% if params.TARGET is defined %}
	{% if cur_temp|float < target|float or min_temp|int < target|float %}
	M109 S{target}
	M117 Heating nozzle...
	{% endif %}
	{% endif %}
	M117  LOADING...
	G92 E0
	G4 P5000
	G1 E15.0 F1000
	G1 E{fast} F1200
	G4 P900
	G92 E0
	G1 E{slow} F450
	G92 E0
	SET_IDLE_TIMEOUT TIMEOUT=600

[gcode_macro PURGE]
gcode = 
	{% set LENGTH = params.LENGTH|default(45)|float %}
	
	{% set target = params.TARGET|default(220)|float %}
	{% set cur_temp = printer.extruder.temperature|float %}
	{% set min_temp = printer.configfile.settings.extruder.min_extrude_temp|int %}
	{% if not printer.extruder.can_extrude %}
	RESPOND TYPE=error MSG="Below minimum temp. Heating extruder..."
	M109 S{min_temp|int}
	{% endif %}
	{% if params.TARGET is defined %}
	{% if cur_temp|float < target|float or min_temp|int < target|float %}
	M109 S{target}
	M117 Heating nozzle...
	{% endif %}
	{% endif %}
	M117 PURGING..
	G91
	G1 E{LENGTH} F250
	G90

[gcode_macro TEST_SPEED]
description = Test for max speed and acceleration parameters for the printer. Procedure: Home -> ReadPositionFromMCU -> MovesToolhead@Vel&Accel -> Home -> ReadPositionfromMCU
gcode = 
	
	{% set speed  = params.SPEED|default(printer.configfile.settings.printer.max_velocity)|int %}
	
	{% set iterations = params.ITERATIONS|default(5)|int %}
	
	{% set accel  = params.ACCEL|default(printer.configfile.settings.printer.max_accel)|int %}
	
	{% set min_cruise_ratio = params.MIN_CRUISE_RATIO|default(0.5)|float %}
	
	{% set bound = params.BOUND|default(20)|int %}
	
	{% set smallpatternsize = SMALLPATTERNSIZE|default(20)|int %}
	
	
	
	{% set x_min = printer.toolhead.axis_minimum.x + bound %}
	{% set x_max = printer.toolhead.axis_maximum.x - bound %}
	{% set y_min = printer.toolhead.axis_minimum.y + bound %}
	{% set y_max = printer.toolhead.axis_maximum.y - bound %}
	
	
	
	{% set x_center = (printer.toolhead.axis_minimum.x|float + printer.toolhead.axis_maximum.x|float ) / 2 %}
	{% set y_center = (printer.toolhead.axis_minimum.y|float + printer.toolhead.axis_maximum.y|float ) / 2 %}
	
	
	{% set x_center_min = x_center - (smallpatternsize/2) %}
	{% set x_center_max = x_center + (smallpatternsize/2) %}
	{% set y_center_min = y_center - (smallpatternsize/2) %}
	{% set y_center_max = y_center + (smallpatternsize/2) %}
	
	
	SAVE_GCODE_STATE NAME=TEST_SPEED
	
	
	{ action_respond_info("TEST_SPEED: starting %d iterations at speed %d, accel %d" % (iterations, speed, accel)) }
	
	
	M400
	G28
	
	{% if printer.configfile.settings.quad_gantry_level %}
	{% if printer.quad_gantry_level.applied == False %}
	QUAD_GANTRY_LEVEL
	G28 Z
	{% endif %}
	{% endif %}
	
	G90
	G1 X{printer.toolhead.axis_maximum.x-50} Y{printer.toolhead.axis_maximum.y-50} F{30*60}
	M400
	G28 X Y
	G0 X{printer.toolhead.axis_maximum.x-1} Y{printer.toolhead.axis_maximum.y-1} F{30*60}
	G4 P1000
	GET_POSITION
	
	
	G0 X{x_min} Y{y_min} Z{bound + 10} F{speed*60}
	
	
	{% if printer.configfile.settings.printer.minimum_cruise_ratio is defined %}
	SET_VELOCITY_LIMIT VELOCITY={speed} ACCEL={accel} MINIMUM_CRUISE_RATIO={min_cruise_ratio}
	{% else %}
	SET_VELOCITY_LIMIT VELOCITY={speed} ACCEL={accel} ACCEL_TO_DECEL={accel / 2}
	{% endif %}
	
	{% for i in range(iterations) %}
	
	G0 X{x_min} Y{y_min} F{speed*60}
	G0 X{x_max} Y{y_max} F{speed*60}
	G0 X{x_min} Y{y_min} F{speed*60}
	G0 X{x_max} Y{y_min} F{speed*60}
	G0 X{x_min} Y{y_max} F{speed*60}
	G0 X{x_max} Y{y_min} F{speed*60}
	
	
	G0 X{x_min} Y{y_min} F{speed*60}
	G0 X{x_min} Y{y_max} F{speed*60}
	G0 X{x_max} Y{y_max} F{speed*60}
	G0 X{x_max} Y{y_min} F{speed*60}
	
	
	G0 X{x_center_min} Y{y_center_min} F{speed*60}
	G0 X{x_center_max} Y{y_center_max} F{speed*60}
	G0 X{x_center_min} Y{y_center_min} F{speed*60}
	G0 X{x_center_max} Y{y_center_min} F{speed*60}
	G0 X{x_center_min} Y{y_center_max} F{speed*60}
	G0 X{x_center_max} Y{y_center_min} F{speed*60}
	
	
	G0 X{x_center_min} Y{y_center_min} F{speed*60}
	G0 X{x_center_min} Y{y_center_max} F{speed*60}
	G0 X{x_center_max} Y{y_center_max} F{speed*60}
	G0 X{x_center_max} Y{y_center_min} F{speed*60}
	{% endfor %}
	
	
	{% if printer.configfile.settings.printer.minimum_cruise_ratio is defined %}
	SET_VELOCITY_LIMIT VELOCITY={printer.configfile.settings.printer.max_velocity} ACCEL={printer.configfile.settings.printer.max_accel} MINIMUM_CRUISE_RATIO={printer.configfile.settings.printer.minimum_cruise_ratio}
	{% else %}
	SET_VELOCITY_LIMIT VELOCITY={printer.configfile.settings.printer.max_velocity} ACCEL={printer.configfile.settings.printer.max_accel} ACCEL_TO_DECEL={printer.configfile.settings.printer.max_accel_to_decel}
	{% endif %}
	
	
	M400
	G28
	
	G90
	G0 X{printer.toolhead.axis_maximum.x-1} Y{printer.toolhead.axis_maximum.y-1} F{30*60}
	G4 P1000
	GET_POSITION
	
	
	RESTORE_GCODE_STATE NAME=TEST_SPEED

[force_move]
enable_force_move = True

[endstop_phase]

[exclude_object]
enable_exclude_object = True

[save_variables]
filename = ~/able_data/config/variables.cfg

[gcode_arcs]
resolution = 0.2

[danger_options]
error_on_unused_config_options = True
allow_plugin_override = True
multi_mcu_trsync_timeout = 0.025
homing_elapsed_distance_tolerance = 0.5
autosave_includes = True
bgflush_extra_time = 0.250
log_statistics = True
log_config_file_at_startup = True
log_bed_mesh_at_startup = True
log_shutdown_info = True
log_serial_reader_warnings = True
log_startup_info = True
log_webhook_method_register_messages = False

[bed_mesh default]
version = 1
points = 
	0.079846, 0.096408, 0.102815, 0.127190
	0.086408, 0.105002, 0.098127, 0.108440
	0.087658, 0.107502, 0.134221, 0.130158
x_count = 4
y_count = 3
mesh_x_pps = 2
mesh_y_pps = 2
algo = lagrange
tension = 0.5
min_x = 69.37
max_x = 143.65
min_y = 98.79
max_y = 139.73
=======================
Loaded MCU 'mcu' 119 commands (Danger-Klipper v0.12.0-551-gaf6bdd39 / gcc: (15:13.2.rel1-2) 13.2.1 20231009 binutils: (2.42-1ubuntu1+23) 2.42)
MCU 'mcu' config: ADC_MAX=4095 BUS_PINS_i2c1_PB6_PB7=PB6,PB7 BUS_PINS_i2c1_PB8_PB9=PB8,PB9 BUS_PINS_i2c2_PB10_PB11=PB10,PB11 BUS_PINS_i2c3_PA8_PC9=PA8,PC9 BUS_PINS_spi1=PA6,PA7,PA5 BUS_PINS_spi1a=PB4,PB5,PB3 BUS_PINS_spi2=PB14,PB15,PB13 BUS_PINS_spi2a=PC2,PC3,PB10 BUS_PINS_spi3a=PC11,PC12,PC10 BUS_PINS_spi4=PE13,PE14,PE12 BUS_PINS_spi5=PF8,PF9,PF7 BUS_PINS_spi5a=PH7,PF11,PH6 BUS_PINS_spi6=PG12,PG14,PG13 CLOCK_FREQ=400000000 MCU=stm32h723xx PWM_MAX=255 RESERVE_PINS_USB=PA11,PA12 RESERVE_PINS_crystal=PH0,PH1 STATS_SUMSQ_BASE=256 STEPPER_BOTH_EDGE=1
Configured MCU 'mcu' (1024 moves)
Args: ['/home/octo/klipper/klippy/klippy.py', '/home/octo/able_data/config/printer.cfg', '-I', '/home/octo/able_data/comms/klippy.serial', '-l', '/home/octo/able_data/logs/klippy.log', '-a', '/home/octo/able_data/comms/klippy.sock']
App Name: Kalico
Git version: 'v0.12.0-696-g9eac41f9'
Branch: bleeding-edge-v2
Remote: origin
Tracked URL: https://github.com/KalicoCrew/kalico
CPU: 8 core Intel(R) Core(TM) i7-7820HK CPU @ 2.90GHz
Python: '3.13.3 (main, Apr  8 2025, 19:55:40) [GCC 14.2.0]'
webhooks client 135709646445536: {'program': 'Moonraker', 'version': 'v0.9.3-74-g1c12414'}
=============== Log rollover at Sat May 10 17:28:22 2025 ===============
Running Command {update_git_script}...:
[Lock] Acquired lock: /home/octo/config_backup/.script.lock

[K[1;92m●[0m Checking for installed dependencies [1;92mDone![0m


Klipper-Backup is up to date


Branch: devel-able in .env does not match the currently checked out branch of: devel-punisher.

Switched to branch 'devel-able'

From https://github.com/Bradford1040/ABLE
 * branch            devel-able -> FETCH_HEAD

   8c30e0e..f9c9f52  devel-able -> origin/devel-able

Updating 8c30e0e..f9c9f52
Fast-forward

 able_data/config/moonraker.conf | 4 ++++
 1 file changed, 4 insertions(+)

Skipping symbolic link: able_data/config/KAMP

[devel-able 8421ebb] moonraker.conf
 1 file changed, 4 deletions(-)

To https://github.com/Bradford1040/ABLE.git
   f9c9f52..8421ebb  devel-able -> devel-able

branch 'devel-able' set up to track 'origin/devel-able'.

Command {update_git_script} finished

Running Command {update_git_script}...:
[Lock] Acquired lock: /home/octo/config_backup/.script.lock

[K[1;92m●[0m Checking for installed dependencies [1;92mDone![0m


tput: No value for $TERM and no -T specified

Klipper-Backup is up to date


Branch: devel-able in .env does not match the currently checked out branch of: devel-punisher.

Switched to branch 'devel-able'

From https://github.com/Bradford1040/ABLE
 * branch            devel-able -> FETCH_HEAD

Already up to date.

Skipping symbolic link: able_data/config/KAMP

Skipping symbolic link: able_data/logs/mainsail-access.log
Skipping symbolic link: able_data/logs/mainsail-error.log

basename: missing operand
Try 'basename --help' for more information.

Aborting commit due to empty commit message.

[devel-able f14a974]  - No new changes pushed
 9 files changed, 22818 insertions(+)
 create mode 100644 able_data/logs/klippy.log
 create mode 100644 able_data/logs/klippy.log.2025-05-02
 create mode 100644 able_data/logs/klippy.log.2025-05-03
 create mode 100644 able_data/logs/klippy.log.2025-05-04
 create mode 100644 able_data/logs/klippy.log.2025-05-05
 create mode 100644 able_data/logs/klippy.log.2025-05-08
 create mode 100644 able_data/logs/moonraker.log
 create mode 100644 able_data/logs/moonraker.log.2025-05-08
 create mode 100644 able_data/logs/moonraker.log.2025-05-09

remote: error: GH013: Repository rule violations found for refs/heads/devel-able.        
remote: 
remote: - GITHUB PUSH PROTECTION        
remote:   —————————————————————————————————————————        
remote:     Resolve the following violations before pushing again        
remote: 
remote:     - Push cannot contain secrets        
remote: 
remote:             
remote:      (?) Learn how to resolve a blocked push        
remote:      https://docs.github.com/code-security/secret-scanning/working-with-secret-scanning-and-push-protection/working-with-push-protection-from-the-command-line#resolving-a-blocked-push        
remote:             
remote:      (?) This repository does not have Secret Scanning enabled, but is eligible. Enable Secret Scanning to view and manage detected secrets.        
remote:      Visit the repository settings page, https://github.com/Bradford1040/ABLE/settings/security_analysis        
remote:             
remote:             
remote:       —— GitHub Personal Access Token ——————————————————————        
remote:        locations:        
remote:          - commit: f14a974104a313d8fb68a7e33e097e6a11aba8df        
remote:            path: able_data/logs/klippy.log.2025-05-02:1707        
remote:          - commit: f14a974104a313d8fb68a7e33e097e6a11aba8df        
remote:            path: able_data/logs/klippy.log.2025-05-03:1567        
remote:             
remote:        (?) To push, remove secret from commit(s) or follow this URL to allow the secret.        
remote:        https://github.com/Bradford1040/ABLE/security/secret-scanning/unblock-secret/2wvPiEM6N5mwPSJivwsxS0K3STK        
remote:             
remote: 
remote: 

To https://github.com/Bradford1040/ABLE.git
 ! [remote rejected] devel-able -> devel-able (push declined due to repository rule violations)

error: failed to push some refs to 'https://github.com/Bradford1040/ABLE.git'

Command {update_git_script} finished

Running Command {update_git_script}...:
[Lock] Acquired lock: /home/octo/config_backup/.script.lock

[K[1;92m●[0m Checking for installed dependencies [1;92mDone![0m


Klipper-Backup is up to date


From https://github.com/Bradford1040/ABLE
 * branch            devel-able -> FETCH_HEAD

Already up to date.

Skipping symbolic link: able_data/config/KAMP

Skipping symbolic link: able_data/logs/mainsail-access.log
Skipping symbolic link: able_data/logs/mainsail-error.log

[devel-able 65f6aa3] klippy.log
 1 file changed, 72 insertions(+)

remote: error: GH013: Repository rule violations found for refs/heads/devel-able.        
remote: 
remote: - GITHUB PUSH PROTECTION        
remote:   —————————————————————————————————————————        
remote:     Resolve the following violations before pushing again        
remote: 
remote:     - Push cannot contain secrets        
remote: 
remote:             
remote:      (?) Learn how to resolve a blocked push        
remote:      https://docs.github.com/code-security/secret-scanning/working-with-secret-scanning-and-push-protection/working-with-push-protection-from-the-command-line#resolving-a-blocked-push        
remote:             

remote:      (?) This repository does not have Secret Scanning enabled, but is eligible. Enable Secret Scanning to view and manage detected secrets.        
remote:      Visit the repository settings page, https://github.com/Bradford1040/ABLE/settings/security_analysis        
remote:             
remote:             
remote:       —— GitHub Personal Access Token ——————————————————————        
remote:        locations:        
remote:          - commit: f14a974104a313d8fb68a7e33e097e6a11aba8df        
remote:            path: able_data/logs/klippy.log.2025-05-02:1707        
remote:          - commit: f14a974104a313d8fb68a7e33e097e6a11aba8df        
remote:            path: able_data/logs/klippy.log.2025-05-03:1567        
remote:             
remote:        (?) To push, remove secret from commit(s) or follow this URL to allow the secret.        
remote:        https://github.com/Bradford1040/ABLE/security/secret-scanning/unblock-secret/2wvPiEM6N5mwPSJivwsxS0K3STK        
remote:             
remote: 
remote: 

To https://github.com/Bradford1040/ABLE.git
 ! [remote rejected] devel-able -> devel-able (push declined due to repository rule violations)

error: failed to push some refs to 'https://github.com/Bradford1040/ABLE.git'

Command {update_git_script} finished

webhooks client 135709646445536: Disconnected
webhooks client 135709674522256: New connection
webhooks client 135709674522256: Client info {'program': 'Moonraker', 'version': 'v0.9.3-74-g1c12414'}
Running Command {update_git_script}...:
[Lock] Acquired lock: /home/octo/config_backup/.script.lock

[K[1;92m●[0m Checking for installed dependencies [1;92mDone![0m


tput: No value for $TERM and no -T specified

Klipper-Backup is up to date


From https://github.com/Bradford1040/ABLE
 * branch            devel-able -> FETCH_HEAD

Already up to date.

Skipping symbolic link: able_data/config/KAMP

