-------------------- Log Start | Sat May 10 04:23:53 2025 --------------------
platform: Linux-6.14.4-061404-generic-x86_64-with-glibc2.41
data_path: /home/octo/able_data
is_default_data_path: False
config_file: /home/octo/able_data/config/moonraker.conf
backup_config: /home/octo/able_data/config/.moonraker.conf.bkp
startup_warnings: []
verbose: False
debug: False
asyncio_debug: False
is_backup_config: False
is_python_package: False
instance_uuid: cca50902716f4e06920fbddaeaff39ab
unix_socket_path: /home/octo/able_data/comms/moonraker.sock
structured_logging: False
software_version: v0.9.3-74-g1c12414
git_branch: master
git_remote: origin
git_repo_url: https://github.com/Arksine/moonraker.git
modified_files: []
unofficial_components: []
log_file: /home/octo/able_data/logs/moonraker.log
python_version: 3.13.3 (main, Apr  8 2025, 19:55:40) [GCC 14.2.0]
launch_args: /home/octo/moonraker-env/bin/python /home/octo/moonraker/moonraker/moonraker.py -d /home/octo/able_data
msgspec_enabled: False
uvloop_enabled: False

#################### Moonraker Configuration ####################

[server]
host = 0.0.0.0
port = 7125
klippy_uds_address = /home/octo/able_data/comms/klippy.sock

[authorization]
trusted_clients = 
	10.0.0.0/16
	10.0.0.0/8
	127.0.0.0/8
	169.254.0.0/16
	172.16.0.0/12
	192.168.0.0/16
	FE80::/10
	::1/128
cors_domains = 
	*.lan
	*.local
	*://localhost
	*://localhost:*
	*://rhino*
	*://*.server.internal
	*://rhino.server.internal:*
	*://rhino.server.internal
	https://10.0.0.138:*
	https://10.0.0.138

[machine]
sudo_password = 0413

[announcements]
subscriptions = 
	mainsail

[octoprint_compat]

[history]

[file_manager]
enable_object_processing = True

[spoolman]
server = http://rhino:7912
sync_rate = 5

[update_manager]
channel = dev
refresh_interval = 12
enable_system_updates = False
enable_auto_refresh = True

[update_manager mainsail]
type = web
channel = stable
repo = mainsail-crew/mainsail
path = ~/mainsail

[update_manager Klipper-Adaptive-Meshing-Purging]
type = git_repo
channel = dev
path = ~/Klipper-Adaptive-Meshing-Purging
origin = https://github.com/Bradford1040/Klipper-Adaptive-Meshing-Purging.git
managed_services = klipper
primary_branch = main

[update_manager klipper-backup]
type = git_repo
path = ~/able_data/klipper-backup
origin = https://github.com/Bradford1040/klipper-backup.git
managed_services = moonraker
primary_branch = devel-v3.0

[update_manager Spoolman]
type = zip
channel = stable
repo = Donkie/Spoolman
path = /home/octo/Spoolman
virtualenv = .venv
requirements = requirements.txt
persistent_files = 
	.venv
	.env
managed_services = Spoolman

[update_manager klipper_tmc_autotune]
type = git_repo
channel = dev
path = ~/klipper_tmc_autotune
origin = https://github.com/Bradford1040/klipper_tmc_autotune.git
managed_services = klipper
primary_branch = master
install_script = install.sh

#################################################################
All Configuration Files:
/home/octo/able_data/config/moonraker.conf
/home/octo/able_data/config/secrets.conf
#################################################################
Loading Sqlite database provider. Sqlite Version: 3.46.1
Unsafe Shutdown Count: 5

System Info:

***python***
  version: (3, 13, 3, 'final', 0)
  version_string: 3.13.3 (main, Apr  8 2025, 19:55:40) [GCC 14.2.0]

***cpu_info***
  cpu_count: 8
  bits: 64bit
  processor: x86_64
  cpu_desc: Intel(R) Core(TM) i7-7820HK CPU @ 2.90GHz
  serial_number: 
  hardware_desc: 
  model: 
  total_memory: 16327400
  memory_units: kB

***sd_info***

***distribution***
  name: Rhino Linux 2025.2 (mainline)
  id: ubuntu
  version: 2025.2
  version_parts: {'major': '2025', 'minor': '2', 'build_number': ''}
  like: debian
  codename: devel
  release_info: {}
  kernel_version: 6.14.4-061404-generic

***virtualization***
  virt_type: none
  virt_identifier: none

***network***

***canbus***

***Allowed Services***
  klipper_mcu
  webcamd
  MoonCord
  KlipperScreen
  moonraker-telegram-bot
  moonraker-obico
  sonar
  crowsnest
  octoeverywhere
  ratos-configurator
  Spoolman
  klipper-backup
Module libcamera unavailable, import failed

Systemd unit moonraker-able.service:
unit_name: moonraker-able.service
is_default: False
manager: systemd
Properties:
**Requires=['system.slice', '-.mount', 'sysinit.target', 'network-online.target', 'home.mount']
**After=['sysinit.target', 'basic.target', 'home.mount', 'network-online.target', 'system.slice', 'systemd-journald.socket', '-.mount']
**SupplementaryGroups=['moonraker-admin']
**EnvironmentFiles=/home/octo/able_data/systemd/moonraker.env
**ExecStart=/home/octo/moonraker-env/bin/python $MOONRAKER_ARGS
**WorkingDirectory=/home/octo/moonraker
**FragmentPath=/etc/systemd/system/moonraker-able.service
**Description=API Server for Klipper SV1 able
**User=octo

Systemd unit klipper-able.service:
unit_name: klipper-able.service
is_default: False
manager: systemd
Properties:
**Requires=['sysinit.target', 'system.slice', 'home.mount', '-.mount']
**After=['-.mount', 'system.slice', 'network-online.target', 'basic.target', 'home.mount', 'systemd-journald.socket', 'sysinit.target']
**SupplementaryGroups=[]
**EnvironmentFiles=/home/octo/able_data/systemd/klipper.env
**ExecStart=/home/octo/klippy-env/bin/python $KLIPPER_ARGS
**WorkingDirectory=/home/octo/klipper
**FragmentPath=/etc/systemd/system/klipper-able.service
**Description=Klipper 3D Printer Firmware SV1
**User=octo
Multiple instances of Moonraker have the update manager enabled.
moonraker-pascale:b994aea97c7a4c0f92ada68092db6f56:1572
moonraker-able:cca50902716f4e06920fbddaeaff39ab:1566
Git Repo moonraker: No warnings detected
Git Repo klipper: Warnings detected:
  Unofficial remote url: https://github.com/KalicoCrew/kalico
  Repo not on offical remote/branch, expected: origin/master, detected: origin/bleeding-edge-v2
  Repo has untracked source files: ['klippy/extras/autotune_tmc.py', 'klippy/extras/motor_constants.py']
Connected to Spoolman Spool Manager
Git Repo Klipper-Adaptive-Meshing-Purging: No warnings detected
Git Repo klipper-backup: No warnings detected
Git Repo klipper_tmc_autotune: No warnings detected
Klipper Version: v0.12.0-696-g9eac41f9
2025-05-10 00:23:53,543 [git_deploy.py:_wait_for_lock_release()] - Git Repo moonraker: Git lock file exists, 60 seconds remaining before removal.
2025-05-10 00:23:54,555 [shell_command.py:_check_proc_success()] - Command (git -C /home/octo/moonraker status --porcelain -b) successfully finished
2025-05-10 00:23:54,562 [shell_command.py:_check_proc_success()] - Command (git -C /home/octo/moonraker branch --list --no-color) successfully finished
2025-05-10 00:23:54,573 [shell_command.py:_check_proc_success()] - Command (git -C /home/octo/moonraker remote get-url origin) successfully finished
2025-05-10 00:23:54,860 [shell_command.py:_check_proc_success()] - Command (git -C /home/octo/moonraker fetch origin --prune --progress) successfully finished
2025-05-10 00:23:54,863 [shell_command.py:_check_proc_success()] - Command (git -C /home/octo/moonraker merge-base --is-ancestor HEAD origin/master) successfully finished
2025-05-10 00:23:54,865 [shell_command.py:_check_proc_success()] - Command (git -C /home/octo/moonraker rev-parse HEAD) successfully finished
2025-05-10 00:23:54,869 [shell_command.py:_check_proc_success()] - Command (git -C /home/octo/moonraker describe --always --tags --long --dirty --abbrev=8) successfully finished
2025-05-10 00:23:54,871 [shell_command.py:_check_proc_success()] - Command (git -C /home/octo/moonraker rev-parse origin/master) successfully finished
2025-05-10 00:23:54,874 [shell_command.py:_check_proc_success()] - Command (git -C /home/octo/moonraker describe origin/master --always --tags --long --abbrev=8) successfully finished
2025-05-10 00:23:54,876 [shell_command.py:_check_proc_success()] - Command (git -C /home/octo/moonraker rev-list HEAD..1c124149720e24f52b80ce82ce906e69476b7724 --count) successfully finished
2025-05-10 00:23:54,876 [git_deploy.py:log_repo_info()] - Git Repo moonraker Detected:
Owner: Arksine
Repository Name: moonraker
Path: /home/octo/moonraker
Remote: origin
Branch: master
Remote URL: https://github.com/Arksine/moonraker.git
Recovery URL: https://github.com/Arksine/moonraker.git
Current Commit SHA: 1c124149720e24f52b80ce82ce906e69476b7724
Upstream Commit SHA: 1c124149720e24f52b80ce82ce906e69476b7724
Current Version: v0.9.3-74-g1c124149
Upstream Version: v0.9.3-74-g1c124149
Rollback Commit: 7cdcca3cb4b7caf27d511d1c4e32fa3297391709
Rollback Branch: master
Rollback Version: v0.9.3-72-g7cdcca3c
Is Dirty: False
Is Detached: False
Is Shallow: False
Commits Behind Count: 0
Diverged: False
Pinned Commit: None
2025-05-10 00:23:54,876 [base_deploy.py:log_info()] - Git Repo moonraker: Channel: dev
2025-05-10 00:23:54,876 [base_deploy.py:log_info()] - Git Repo moonraker: Validity check for git repo passed
2025-05-10 00:23:54,884 [shell_command.py:_check_proc_success()] - Command (git -C /home/octo/klipper status --porcelain -b) successfully finished
2025-05-10 00:23:54,886 [shell_command.py:_check_proc_success()] - Command (git -C /home/octo/klipper branch --list --no-color) successfully finished
2025-05-10 00:23:54,890 [shell_command.py:_check_proc_success()] - Command (git -C /home/octo/klipper remote get-url origin) successfully finished
2025-05-10 00:23:54,890 [git_deploy.py:_check_moved_origin()] - Git repo klipper: Performing moved origin check - https://github.com/kalicocrew/kalico
2025-05-10 00:23:55,494 [shell_command.py:_check_proc_success()] - Command (git -C /home/octo/klipper fetch origin --prune --progress) successfully finished
2025-05-10 00:23:55,497 [shell_command.py:_check_proc_success()] - Command (git -C /home/octo/klipper merge-base --is-ancestor HEAD origin/bleeding-edge-v2) successfully finished
2025-05-10 00:23:55,499 [shell_command.py:_check_proc_success()] - Command (git -C /home/octo/klipper rev-parse HEAD) successfully finished
2025-05-10 00:23:55,546 [shell_command.py:_check_proc_success()] - Command (git -C /home/octo/klipper describe --always --tags --long --dirty --abbrev=8) successfully finished
2025-05-10 00:23:55,548 [shell_command.py:_check_proc_success()] - Command (git -C /home/octo/klipper rev-parse origin/bleeding-edge-v2) successfully finished
2025-05-10 00:23:55,582 [shell_command.py:_check_proc_success()] - Command (git -C /home/octo/klipper describe origin/bleeding-edge-v2 --always --tags --long --abbrev=8) successfully finished
2025-05-10 00:23:55,585 [shell_command.py:_check_proc_success()] - Command (git -C /home/octo/klipper rev-list HEAD..9eac41f99ac96f01e0c74e57c64b6a4b2674c494 --count) successfully finished
2025-05-10 00:23:55,585 [git_deploy.py:log_repo_info()] - Git Repo klipper Detected:
Owner: KalicoCrew
Repository Name: kalico
Path: /home/octo/klipper
Remote: origin
Branch: bleeding-edge-v2
Remote URL: https://github.com/KalicoCrew/kalico
Recovery URL: https://github.com/KalicoCrew/kalico
Current Commit SHA: 9eac41f99ac96f01e0c74e57c64b6a4b2674c494
Upstream Commit SHA: 9eac41f99ac96f01e0c74e57c64b6a4b2674c494
Current Version: v0.12.0-696-g9eac41f9
Upstream Version: v0.12.0-696-g9eac41f9
Rollback Commit: 9eac41f99ac96f01e0c74e57c64b6a4b2674c494
Rollback Branch: bleeding-edge-v2
Rollback Version: v0.12.0-696-g9eac41f9
Is Dirty: False
Is Detached: False
Is Shallow: False
Commits Behind Count: 0
Diverged: False
Pinned Commit: None
Repo Warnings:
  Unofficial remote url: https://github.com/KalicoCrew/kalico
  Repo not on offical remote/branch, expected: origin/master, detected: origin/bleeding-edge-v2
  Repo has untracked source files: ['klippy/extras/autotune_tmc.py', 'klippy/extras/motor_constants.py']
2025-05-10 00:23:55,585 [base_deploy.py:log_info()] - Git Repo klipper: Channel: dev
2025-05-10 00:23:55,585 [base_deploy.py:log_info()] - Git Repo klipper: Validity check for git repo passed
2025-05-10 00:23:55,754 [base_deploy.py:log_info()] - Web Client mainsail: Detected
Repo: mainsail-crew/mainsail
Channel: stable
Path: /home/octo/mainsail
Local Version: v2.14.0
Remote Version: v2.14.0
Valid: True
Fallback Detected: False
Pre-release: False
Download Url: https://github.com/mainsail-crew/mainsail/releases/download/v2.14.0/mainsail.zip
Download Size: 2848929
Content Type: application/zip
Rollback Version: v2.13.2
Rollback Repo: mainsail-crew/mainsail
2025-05-10 00:23:55,762 [shell_command.py:_check_proc_success()] - Command (git -C /home/octo/Klipper-Adaptive-Meshing-Purging status --porcelain -b) successfully finished
2025-05-10 00:23:55,769 [shell_command.py:_check_proc_success()] - Command (git -C /home/octo/Klipper-Adaptive-Meshing-Purging branch --list --no-color) successfully finished
2025-05-10 00:23:55,780 [shell_command.py:_check_proc_success()] - Command (git -C /home/octo/Klipper-Adaptive-Meshing-Purging remote get-url origin) successfully finished
2025-05-10 00:23:56,164 [shell_command.py:_check_proc_success()] - Command (git -C /home/octo/Klipper-Adaptive-Meshing-Purging fetch origin --prune --progress) successfully finished
2025-05-10 00:23:56,168 [shell_command.py:_check_proc_success()] - Command (git -C /home/octo/Klipper-Adaptive-Meshing-Purging merge-base --is-ancestor HEAD origin/main) successfully finished
2025-05-10 00:23:56,170 [shell_command.py:_check_proc_success()] - Command (git -C /home/octo/Klipper-Adaptive-Meshing-Purging rev-parse HEAD) successfully finished
2025-05-10 00:23:56,176 [shell_command.py:_check_proc_success()] - Command (git -C /home/octo/Klipper-Adaptive-Meshing-Purging describe --always --tags --long --dirty --abbrev=8) successfully finished
2025-05-10 00:23:56,179 [shell_command.py:_check_proc_success()] - Command (git -C /home/octo/Klipper-Adaptive-Meshing-Purging rev-parse origin/main) successfully finished
2025-05-10 00:23:56,183 [shell_command.py:_check_proc_success()] - Command (git -C /home/octo/Klipper-Adaptive-Meshing-Purging describe origin/main --always --tags --long --abbrev=8) successfully finished
2025-05-10 00:23:56,186 [shell_command.py:_check_proc_success()] - Command (git -C /home/octo/Klipper-Adaptive-Meshing-Purging rev-list HEAD..00a076da82d73c50174ceb957035a2898ea7f495 --count) successfully finished
2025-05-10 00:23:56,187 [git_deploy.py:log_repo_info()] - Git Repo Klipper-Adaptive-Meshing-Purging Detected:
Owner: Bradford1040
Repository Name: Klipper-Adaptive-Meshing-Purging
Path: /home/octo/Klipper-Adaptive-Meshing-Purging
Remote: origin
Branch: main
Remote URL: https://github.com/Bradford1040/Klipper-Adaptive-Meshing-Purging.git
Recovery URL: https://github.com/Bradford1040/Klipper-Adaptive-Meshing-Purging.git
Current Commit SHA: 00a076da82d73c50174ceb957035a2898ea7f495
Upstream Commit SHA: 00a076da82d73c50174ceb957035a2898ea7f495
Current Version: v1.1.2-22-g00a076da
Upstream Version: v1.1.2-22-g00a076da
Rollback Commit: 00a076da82d73c50174ceb957035a2898ea7f495
Rollback Branch: main
Rollback Version: v1.1.2-22-g00a076da
Is Dirty: False
Is Detached: False
Is Shallow: False
Commits Behind Count: 0
Diverged: False
Pinned Commit: None
2025-05-10 00:23:56,187 [base_deploy.py:log_info()] - Git Repo Klipper-Adaptive-Meshing-Purging: Channel: dev
2025-05-10 00:23:56,187 [base_deploy.py:log_info()] - Git Repo Klipper-Adaptive-Meshing-Purging: Validity check for git repo passed
2025-05-10 00:23:56,191 [shell_command.py:_check_proc_success()] - Command (git -C /home/octo/able_data/klipper-backup status --porcelain -b) successfully finished
2025-05-10 00:23:56,194 [shell_command.py:_check_proc_success()] - Command (git -C /home/octo/able_data/klipper-backup branch --list --no-color) successfully finished
2025-05-10 00:23:56,198 [shell_command.py:_check_proc_success()] - Command (git -C /home/octo/able_data/klipper-backup remote get-url origin) successfully finished
2025-05-10 00:23:56,503 [shell_command.py:_check_proc_success()] - Command (git -C /home/octo/able_data/klipper-backup fetch origin --prune --progress) successfully finished
2025-05-10 00:23:56,510 [shell_command.py:_check_proc_success()] - Command (git -C /home/octo/able_data/klipper-backup merge-base --is-ancestor HEAD origin/devel-v3.0) successfully finished
2025-05-10 00:23:56,514 [shell_command.py:_check_proc_success()] - Command (git -C /home/octo/able_data/klipper-backup rev-parse HEAD) successfully finished
2025-05-10 00:23:56,522 [shell_command.py:_check_proc_success()] - Command (git -C /home/octo/able_data/klipper-backup describe --always --tags --long --dirty --abbrev=8) successfully finished
2025-05-10 00:23:56,524 [shell_command.py:_check_proc_success()] - Command (git -C /home/octo/able_data/klipper-backup rev-parse origin/devel-v3.0) successfully finished
2025-05-10 00:23:56,529 [shell_command.py:_check_proc_success()] - Command (git -C /home/octo/able_data/klipper-backup describe origin/devel-v3.0 --always --tags --long --abbrev=8) successfully finished
2025-05-10 00:23:56,532 [shell_command.py:_check_proc_success()] - Command (git -C /home/octo/able_data/klipper-backup rev-list HEAD..be4d9a692269f515c04d650df73c49f66c21c967 --count) successfully finished
2025-05-10 00:23:56,532 [git_deploy.py:log_repo_info()] - Git Repo klipper-backup Detected:
Owner: Bradford1040
Repository Name: klipper-backup
Path: /home/octo/able_data/klipper-backup
Remote: origin
Branch: devel-v3.0
Remote URL: https://github.com/Bradford1040/klipper-backup.git
Recovery URL: https://github.com/Bradford1040/klipper-backup.git
Current Commit SHA: be4d9a692269f515c04d650df73c49f66c21c967
Upstream Commit SHA: be4d9a692269f515c04d650df73c49f66c21c967
Current Version: v1.3.3-65-gbe4d9a69
Upstream Version: v1.3.3-65-gbe4d9a69
Rollback Commit: ae924faa41ab8e0ab0301414eacc8321ce1934af
Rollback Branch: devel-v3.0
Rollback Version: v1.3.3-64-gae924faa
Is Dirty: False
Is Detached: False
Is Shallow: False
Commits Behind Count: 0
Diverged: False
Pinned Commit: None
2025-05-10 00:23:56,532 [base_deploy.py:log_info()] - Git Repo klipper-backup: Channel: dev
2025-05-10 00:23:56,532 [base_deploy.py:log_info()] - Git Repo klipper-backup: Validity check for git repo passed
2025-05-10 00:23:56,696 [base_deploy.py:log_info()] - Zip Application Spoolman: Detected
Repo: Donkie/Spoolman
Channel: stable
Path: /home/octo/Spoolman
Local Version: v0.22.1
Remote Version: v0.22.1
Valid: True
Fallback Detected: False
Pre-release: False
Download Url: https://github.com/Donkie/Spoolman/releases/download/v0.22.1/spoolman.zip
Download Size: 2007875
Content Type: application/zip
Rollback Version: v0.22.1
Rollback Repo: Donkie/Spoolman
2025-05-10 00:23:56,703 [shell_command.py:_check_proc_success()] - Command (git -C /home/octo/klipper_tmc_autotune status --porcelain -b) successfully finished
2025-05-10 00:23:56,708 [shell_command.py:_check_proc_success()] - Command (git -C /home/octo/klipper_tmc_autotune branch --list --no-color) successfully finished
2025-05-10 00:23:56,715 [shell_command.py:_check_proc_success()] - Command (git -C /home/octo/klipper_tmc_autotune remote get-url origin) successfully finished
2025-05-10 00:23:57,045 [shell_command.py:_check_proc_success()] - Command (git -C /home/octo/klipper_tmc_autotune fetch origin --prune --progress) successfully finished
2025-05-10 00:23:57,051 [shell_command.py:_check_proc_success()] - Command (git -C /home/octo/klipper_tmc_autotune merge-base --is-ancestor HEAD origin/master) successfully finished
2025-05-10 00:23:57,055 [shell_command.py:_check_proc_success()] - Command (git -C /home/octo/klipper_tmc_autotune rev-parse HEAD) successfully finished
2025-05-10 00:23:57,064 [shell_command.py:_check_proc_success()] - Command (git -C /home/octo/klipper_tmc_autotune describe --always --tags --long --dirty --abbrev=8) successfully finished
2025-05-10 00:23:57,067 [shell_command.py:_check_proc_success()] - Command (git -C /home/octo/klipper_tmc_autotune rev-parse origin/master) successfully finished
2025-05-10 00:23:57,074 [shell_command.py:_check_proc_success()] - Command (git -C /home/octo/klipper_tmc_autotune describe origin/master --always --tags --long --abbrev=8) successfully finished
2025-05-10 00:23:57,078 [shell_command.py:_check_proc_success()] - Command (git -C /home/octo/klipper_tmc_autotune rev-list HEAD..b84db69d4ba504a8359ccc821768d78d36dcec43 --count) successfully finished
2025-05-10 00:23:57,078 [git_deploy.py:log_repo_info()] - Git Repo klipper_tmc_autotune Detected:
Owner: Bradford1040
Repository Name: klipper_tmc_autotune
Path: /home/octo/klipper_tmc_autotune
Remote: origin
Branch: master
Remote URL: https://github.com/Bradford1040/klipper_tmc_autotune.git
Recovery URL: https://github.com/Bradford1040/klipper_tmc_autotune.git
Current Commit SHA: b84db69d4ba504a8359ccc821768d78d36dcec43
Upstream Commit SHA: b84db69d4ba504a8359ccc821768d78d36dcec43
Current Version: v0.2.0-235-gb84db69d
Upstream Version: v0.2.0-235-gb84db69d
Rollback Commit: b84db69d4ba504a8359ccc821768d78d36dcec43
Rollback Branch: master
Rollback Version: v0.2.0-235-gb84db69d
Is Dirty: False
Is Detached: False
Is Shallow: False
Commits Behind Count: 0
Diverged: False
Pinned Commit: None
2025-05-10 00:23:57,078 [base_deploy.py:log_info()] - Git Repo klipper_tmc_autotune: Channel: dev
2025-05-10 00:23:57,078 [base_deploy.py:log_info()] - Git Repo klipper_tmc_autotune: Validity check for git repo passed
2025-05-10 01:25:24,516 [websockets.py:on_close()] - Websocket Closed: ID: 139593903714896 Close Code: 1001, Close Reason: None, Pong Time Elapsed: 7.50
2025-05-10 01:25:25,795 [websockets.py:on_close()] - Websocket Closed: ID: 139593903717776 Close Code: 1001, Close Reason: None, Pong Time Elapsed: 8.76
2025-05-10 07:04:27,615 [machine.py:_find_public_ip()] - Detected Local IP: 10.0.0.138
2025-05-10 17:06:04,453 [websockets.py:on_close()] - Websocket Closed: ID: 139593914315024 Close Code: 1001, Close Reason: None, Pong Time Elapsed: 2.13
2025-05-10 17:06:05,019 [authorization.py:_check_trusted_connection()] - Trusted Connection Detected, IP: 10.0.0.190
2025-05-10 17:06:05,020 [application.py:log_request()] - 101 GET /websocket (10.0.0.190) [_TRUSTED_USER_] 2.00ms
2025-05-10 17:06:05,020 [websockets.py:open()] - Websocket Opened: ID: 139593903713296, Proxied: False, User Agent: Mozilla/5.0 (Windows NT 10.0; Win64; x64) AppleWebKit/537.36 (KHTML, like Gecko) Chrome/136.0.0.0 Safari/537.36, Host Name: rhino
2025-05-10 17:06:05,147 [file_manager.py:get_file_list()] - Updating File List <config>...
2025-05-10 17:10:07,527 [websockets.py:on_close()] - Websocket Closed: ID: 139593903713296 Close Code: None, Close Reason: None, Pong Time Elapsed: 2.50
2025-05-10 17:10:07,547 [application.py:log_request()] - 101 GET /websocket (10.0.0.190) [_TRUSTED_USER_] 1.29ms
2025-05-10 17:10:07,547 [websockets.py:open()] - Websocket Opened: ID: 139593903712336, Proxied: False, User Agent: Mozilla/5.0 (Windows NT 10.0; Win64; x64) AppleWebKit/537.36 (KHTML, like Gecko) Chrome/136.0.0.0 Safari/537.36, Host Name: rhino
2025-05-10 17:10:07,561 [file_manager.py:get_file_list()] - Updating File List <config>...
2025-05-10 17:10:09,972 [websockets.py:on_close()] - Websocket Closed: ID: 139593903712336 Close Code: None, Close Reason: None, Pong Time Elapsed: 2.43
2025-05-10 17:10:10,007 [application.py:log_request()] - 101 GET /websocket (10.0.0.190) [_TRUSTED_USER_] 1.63ms
2025-05-10 17:10:10,007 [websockets.py:open()] - Websocket Opened: ID: 139593903713296, Proxied: False, User Agent: Mozilla/5.0 (Windows NT 10.0; Win64; x64) AppleWebKit/537.36 (KHTML, like Gecko) Chrome/136.0.0.0 Safari/537.36, Host Name: rhino
2025-05-10 17:10:10,063 [file_manager.py:get_file_list()] - Updating File List <config>...
2025-05-10 17:10:25,124 [websockets.py:on_close()] - Websocket Closed: ID: 139593903713296 Close Code: None, Close Reason: None, Pong Time Elapsed: 5.11
2025-05-10 17:10:25,145 [application.py:log_request()] - 101 GET /websocket (10.0.0.190) [_TRUSTED_USER_] 0.31ms
2025-05-10 17:10:25,145 [websockets.py:open()] - Websocket Opened: ID: 139593903712336, Proxied: False, User Agent: Mozilla/5.0 (Windows NT 10.0; Win64; x64) AppleWebKit/537.36 (KHTML, like Gecko) Chrome/136.0.0.0 Safari/537.36, Host Name: rhino
2025-05-10 17:10:25,194 [file_manager.py:get_file_list()] - Updating File List <config>...
2025-05-10 17:28:15,675 [websockets.py:on_close()] - Websocket Closed: ID: 139593903712336 Close Code: None, Close Reason: None, Pong Time Elapsed: 0.52
2025-05-10 17:28:15,698 [application.py:log_request()] - 101 GET /websocket (10.0.0.190) [_TRUSTED_USER_] 1.34ms
2025-05-10 17:28:15,698 [websockets.py:open()] - Websocket Opened: ID: 139593903713296, Proxied: False, User Agent: Mozilla/5.0 (Windows NT 10.0; Win64; x64) AppleWebKit/537.36 (KHTML, like Gecko) Chrome/136.0.0.0 Safari/537.36, Host Name: rhino
2025-05-10 17:28:15,722 [application.py:log_request()] - 101 GET /websocket (10.0.0.190) [_TRUSTED_USER_] 1.01ms
2025-05-10 17:28:15,722 [websockets.py:open()] - Websocket Opened: ID: 139593903711056, Proxied: False, User Agent: Mozilla/5.0 (Windows NT 10.0; Win64; x64) AppleWebKit/537.36 (KHTML, like Gecko) Chrome/136.0.0.0 Safari/537.36, Host Name: rhino
2025-05-10 17:28:15,734 [file_manager.py:get_file_list()] - Updating File List <config>...
2025-05-10 17:28:15,775 [websockets.py:_handle_identify()] - Websocket 139593903711056 Client Identified - Name: mainsail, Version: 2.14.0, Type: web
2025-05-10 17:29:31,626 [websockets.py:on_close()] - Websocket Closed: ID: 139593903711056 Close Code: None, Close Reason: None, Pong Time Elapsed: 5.90
2025-05-10 17:29:31,651 [websockets.py:on_close()] - Websocket Closed: ID: 139593903713296 Close Code: None, Close Reason: None, Pong Time Elapsed: 5.95
2025-05-10 17:29:31,676 [application.py:log_request()] - 101 GET /websocket (10.0.0.190) [_TRUSTED_USER_] 1.05ms
2025-05-10 17:29:31,676 [websockets.py:open()] - Websocket Opened: ID: 139593903712336, Proxied: False, User Agent: Mozilla/5.0 (Windows NT 10.0; Win64; x64) AppleWebKit/537.36 (KHTML, like Gecko) Chrome/136.0.0.0 Safari/537.36, Host Name: rhino
2025-05-10 17:29:31,707 [file_manager.py:get_file_list()] - Updating File List <config>...
2025-05-10 17:29:52,652 [websockets.py:on_close()] - Websocket Closed: ID: 139593903712336 Close Code: None, Close Reason: None, Pong Time Elapsed: 0.97
2025-05-10 17:29:52,677 [application.py:log_request()] - 101 GET /websocket (10.0.0.190) [_TRUSTED_USER_] 1.05ms
2025-05-10 17:29:52,677 [websockets.py:open()] - Websocket Opened: ID: 139593903713296, Proxied: False, User Agent: Mozilla/5.0 (Windows NT 10.0; Win64; x64) AppleWebKit/537.36 (KHTML, like Gecko) Chrome/136.0.0.0 Safari/537.36, Host Name: rhino
2025-05-10 17:29:52,698 [file_manager.py:get_file_list()] - Updating File List <config>...
2025-05-10 17:39:59,832 [websockets.py:on_close()] - Websocket Closed: ID: 139593903713296 Close Code: None, Close Reason: None, Pong Time Elapsed: 7.15
2025-05-10 17:39:59,868 [application.py:log_request()] - 101 GET /websocket (10.0.0.190) [_TRUSTED_USER_] 1.59ms
2025-05-10 17:39:59,868 [websockets.py:open()] - Websocket Opened: ID: 139593903712336, Proxied: False, User Agent: Mozilla/5.0 (Windows NT 10.0; Win64; x64) AppleWebKit/537.36 (KHTML, like Gecko) Chrome/136.0.0.0 Safari/537.36, Host Name: rhino
2025-05-10 17:39:59,896 [file_manager.py:get_file_list()] - Updating File List <config>...
2025-05-10 17:49:45,842 [websockets.py:on_close()] - Websocket Closed: ID: 139593903712336 Close Code: None, Close Reason: None, Pong Time Elapsed: 5.97
2025-05-10 17:49:45,860 [application.py:log_request()] - 101 GET /websocket (10.0.0.190) [_TRUSTED_USER_] 0.98ms
2025-05-10 17:49:45,861 [websockets.py:open()] - Websocket Opened: ID: 139593903713296, Proxied: False, User Agent: Mozilla/5.0 (Windows NT 10.0; Win64; x64) AppleWebKit/537.36 (KHTML, like Gecko) Chrome/136.0.0.0 Safari/537.36, Host Name: rhino
2025-05-10 17:49:45,882 [file_manager.py:get_file_list()] - Updating File List <config>...
2025-05-10 18:53:53,688 [authorization.py:_prune_conn_handler()] - Trusted Connection Expired, IP: 10.0.0.190
2025-05-10 19:19:49,491 [websockets.py:on_close()] - Websocket Closed: ID: 139593903713296 Close Code: None, Close Reason: None, Pong Time Elapsed: 3.63
2025-05-10 19:19:49,515 [authorization.py:_check_trusted_connection()] - Trusted Connection Detected, IP: 10.0.0.190
2025-05-10 19:19:49,515 [application.py:log_request()] - 101 GET /websocket (10.0.0.190) [_TRUSTED_USER_] 1.26ms
2025-05-10 19:19:49,516 [websockets.py:open()] - Websocket Opened: ID: 139593903712336, Proxied: False, User Agent: Mozilla/5.0 (Windows NT 10.0; Win64; x64) AppleWebKit/537.36 (KHTML, like Gecko) Chrome/136.0.0.0 Safari/537.36, Host Name: rhino
2025-05-10 19:19:49,542 [application.py:log_request()] - 101 GET /websocket (10.0.0.190) [_TRUSTED_USER_] 0.98ms
2025-05-10 19:19:49,542 [websockets.py:open()] - Websocket Opened: ID: 139593914315664, Proxied: False, User Agent: Mozilla/5.0 (Windows NT 10.0; Win64; x64) AppleWebKit/537.36 (KHTML, like Gecko) Chrome/136.0.0.0 Safari/537.36, Host Name: rhino
2025-05-10 19:19:49,543 [file_manager.py:get_file_list()] - Updating File List <config>...
2025-05-10 19:19:49,565 [websockets.py:_handle_identify()] - Websocket 139593914315664 Client Identified - Name: mainsail, Version: 2.14.0, Type: web
2025-05-10 19:34:22,078 [application.py:log_request()] - 101 GET /websocket (10.0.0.190) [_TRUSTED_USER_] 1.88ms
2025-05-10 19:34:22,078 [websockets.py:open()] - Websocket Opened: ID: 139593914314384, Proxied: False, User Agent: Mozilla/5.0 (Windows NT 10.0; Win64; x64) AppleWebKit/537.36 (KHTML, like Gecko) Chrome/136.0.0.0 Safari/537.36, Host Name: rhino
2025-05-10 19:34:22,233 [file_manager.py:get_file_list()] - Updating File List <config>...
2025-05-10 19:35:14,235 [application.py:prepare()] - Upload Request Received from 10.0.0.190
Content-Type: 
2025-05-10 19:35:14,242 [application.py:prepare()] - Upload Request Received from 10.0.0.190
Content-Type: multipart/form-data; boundary=----WebKitFormBoundaryI2YcChBHJCCttbcO
2025-05-10 19:35:14,251 [application.py:post()] - Processing Uploaded File: secrets.conf
2025-05-10 19:35:14,258 [application.py:log_request()] - 201 POST /server/files/upload (10.0.0.190) [_TRUSTED_USER_] 15.88ms
2025-05-10 19:35:27,224 [application.py:prepare()] - Upload Request Received from 10.0.0.190
Content-Type: 
2025-05-10 19:35:27,229 [application.py:prepare()] - Upload Request Received from 10.0.0.190
Content-Type: multipart/form-data; boundary=----WebKitFormBoundaryACnztIL8aRS69Y96
2025-05-10 19:35:27,237 [application.py:post()] - Processing Uploaded File: moonraker.conf
2025-05-10 19:35:27,243 [application.py:log_request()] - 201 POST /server/files/upload (10.0.0.190) [_TRUSTED_USER_] 13.95ms
2025-05-10 19:35:27,354 [websockets.py:on_close()] - Websocket Closed: ID: 139593903707856 Close Code: 1001, Close Reason: Server Shutdown, Pong Time Elapsed: 3.52
2025-05-10 19:35:27,355 [websockets.py:on_close()] - Websocket Closed: ID: 139593903712336 Close Code: 1001, Close Reason: Server Shutdown, Pong Time Elapsed: 7.84
2025-05-10 19:35:27,356 [websockets.py:on_close()] - Websocket Closed: ID: 139593914315664 Close Code: 1001, Close Reason: Server Shutdown, Pong Time Elapsed: 7.80
2025-05-10 19:35:27,356 [websockets.py:on_close()] - Websocket Closed: ID: 139593914314384 Close Code: 1001, Close Reason: Server Shutdown, Pong Time Elapsed: 5.28
2025-05-10 19:35:27,357 [klippy_connection.py:_on_connection_closed()] - Klippy Connection Removed
2025-05-10 19:35:27,379 [spoolman.py:_read_messages()] - Spoolman Disconnected - Code: 1001, Reason: Moonraker Shutdown, Server Ping Time Elapsed: 1.007606669998495
2025-05-10 19:35:27,881 [server.py:main()] - Attempting Server Restart...
2025-05-10 19:35:27,889 [confighelper.py:read_file()] - Configuration File '/home/octo/able_data/config/moonraker.conf' parsed, total size: 11511 B
2025-05-10 19:35:27,890 [server.py:add_log_rollover_item()] - 
#################### Moonraker Configuration ####################

[server]
host = 0.0.0.0
port = 7125
klippy_uds_address = /home/octo/able_data/comms/klippy.sock

[authorization]
trusted_clients = 
	10.0.0.190
	10.0.0.138
	FE80::/10
	::1/128
	10.0.0.0/16
cors_domains = 
	*//rhino*
	*//*.server.internal
	*//rhino.server.internal:*
	*//rhino.server.internal
	*//10.0.0.138
	*//10.0.0.138:*
enable_api_key = True
default_source = moonraker

[announcements]
subscriptions = 
	mainsail

[machine]
provider = systemd_dbus
shutdown_action = poweroff
sudo_password = 0413
validate_service = True
validate_config = True

[octoprint_compat]

[history]

[file_manager]
enable_object_processing = True

[spoolman]
server = http://rhino:7912
sync_rate = 5

[update_manager]
channel = dev
refresh_interval = 12
enable_system_updates = False
enable_auto_refresh = True

[update_manager mainsail]
type = web
channel = stable
repo = mainsail-crew/mainsail
path = ~/mainsail

[update_manager Klipper-Adaptive-Meshing-Purging]
type = git_repo
channel = dev
path = ~/Klipper-Adaptive-Meshing-Purging
origin = https://github.com/Bradford1040/Klipper-Adaptive-Meshing-Purging.git
managed_services = klipper
primary_branch = main

[update_manager klipper-backup]
type = git_repo
path = ~/able_data/klipper-backup
origin = https://github.com/Bradford1040/klipper-backup.git
managed_services = moonraker
primary_branch = devel-v3.0

[update_manager Spoolman]
type = zip
channel = stable
repo = Donkie/Spoolman
path = /home/octo/Spoolman
virtualenv = .venv
requirements = requirements.txt
persistent_files = 
	.venv
	.env
managed_services = Spoolman

[update_manager klipper_tmc_autotune]
type = git_repo
channel = dev
path = ~/klipper_tmc_autotune
origin = https://github.com/Bradford1040/klipper_tmc_autotune.git
managed_services = klipper
primary_branch = master
install_script = install.sh

#################################################################
All Configuration Files:
/home/octo/able_data/config/moonraker.conf
/home/octo/able_data/config/secrets.conf
#################################################################
2025-05-10 19:35:27,891 [server.py:load_component()] - Component (secrets) loaded
2025-05-10 19:35:27,891 [server.py:load_component()] - Component (template) loaded
2025-05-10 19:35:27,893 [server.py:load_component()] - Component (klippy_connection) loaded
2025-05-10 19:35:27,895 [server.py:load_component()] - Component (application) loaded
2025-05-10 19:35:27,895 [server.py:load_component()] - Component (websockets) loaded
2025-05-10 19:35:27,896 [server.py:add_log_rollover_item()] - Loading Sqlite database provider. Sqlite Version: 3.46.1
2025-05-10 19:35:27,898 [server.py:add_log_rollover_item()] - Unsafe Shutdown Count: 5
2025-05-10 19:35:27,900 [server.py:load_component()] - Component (database) loaded
2025-05-10 19:35:27,902 [server.py:load_component()] - Component (dbus_manager) loaded
2025-05-10 19:35:27,904 [file_manager.py:__init__()] - Using File System Observer: inotify
2025-05-10 19:35:27,914 [server.py:load_component()] - Component (file_manager) loaded
2025-05-10 19:35:27,914 [database.py:register_table()] - Found registered table authorized_users
2025-05-10 19:35:27,915 [authorization.py:__init__()] - Authorization Configuration Loaded
Trusted Clients:
10.0.0.190
10.0.0.138
fe80::/10
::1/128
10.0.0.0/16
CORS Domains:
.*//rhino.*
.*//.*\.server\.internal
.*//rhino\.server\.internal:.*
.*//rhino\.server\.internal
.*//10\.0\.0\.138
.*//10\.0\.0\.138:.*
2025-05-10 19:35:27,916 [server.py:load_component()] - Component (authorization) loaded
2025-05-10 19:35:27,916 [server.py:load_component()] - Component (klippy_apis) loaded
2025-05-10 19:35:27,932 [server.py:add_log_rollover_item()] - 
System Info:

***python***
  version: (3, 13, 3, 'final', 0)
  version_string: 3.13.3 (main, Apr  8 2025, 19:55:40) [GCC 14.2.0]

***cpu_info***
  cpu_count: 8
  bits: 64bit
  processor: x86_64
  cpu_desc: Intel(R) Core(TM) i7-7820HK CPU @ 2.90GHz
  serial_number: 
  hardware_desc: 
  model: 
  total_memory: 16327400
  memory_units: kB

***sd_info***

***distribution***
  name: Rhino Linux 2025.2 (mainline)
  id: ubuntu
  version: 2025.2
  version_parts: {'major': '2025', 'minor': '2', 'build_number': ''}
  like: debian
  codename: devel
  release_info: {}
  kernel_version: 6.14.4-061404-generic

***virtualization***
  virt_type: none
  virt_identifier: none

***network***

***canbus***

***Allowed Services***
  klipper_mcu
  webcamd
  MoonCord
  KlipperScreen
  moonraker-telegram-bot
  moonraker-obico
  sonar
  crowsnest
  octoeverywhere
  ratos-configurator
  Spoolman
  klipper-backup
2025-05-10 19:35:27,933 [server.py:load_component()] - Component (shell_command) loaded
2025-05-10 19:35:27,933 [machine.py:__init__()] - Using System Provider: systemd_dbus
2025-05-10 19:35:27,934 [server.py:add_log_rollover_item()] - Module libcamera unavailable, import failed
2025-05-10 19:35:27,934 [server.py:load_component()] - Component (machine) loaded
2025-05-10 19:35:27,934 [server.py:load_component()] - Component (data_store) loaded
2025-05-10 19:35:27,934 [proc_stats.py:__init__()] - Unable to find 'vcgencmd', throttle checking disabled
2025-05-10 19:35:27,934 [server.py:load_component()] - Component (proc_stats) loaded
2025-05-10 19:35:27,934 [server.py:load_component()] - Component (job_state) loaded
2025-05-10 19:35:27,935 [server.py:load_component()] - Component (job_queue) loaded
2025-05-10 19:35:27,935 [database.py:register_table()] - Found registered table job_history
2025-05-10 19:35:27,935 [database.py:register_table()] - Found registered table job_totals
2025-05-10 19:35:27,936 [server.py:load_component()] - Component (history) loaded
2025-05-10 19:35:27,936 [server.py:load_component()] - Component (http_client) loaded
2025-05-10 19:35:27,936 [server.py:load_component()] - Component (announcements) loaded
2025-05-10 19:35:27,936 [server.py:load_component()] - Component (webcam) loaded
2025-05-10 19:35:27,936 [server.py:load_component()] - Component (extensions) loaded
2025-05-10 19:35:27,937 [server.py:load_component()] - Component (octoprint_compat) loaded
2025-05-10 19:35:27,938 [base_deploy.py:log_info()] - Git Repo moonraker: Detected virtualenv: /home/octo/moonraker-env
2025-05-10 19:35:27,939 [base_deploy.py:log_info()] - Git Repo klipper: Detected virtualenv: /home/octo/klippy-env
2025-05-10 19:35:27,942 [base_deploy.py:log_info()] - Zip Application Spoolman: Detected virtualenv: /home/octo/Spoolman/.venv
2025-05-10 19:35:27,942 [base_deploy.py:log_info()] - Zip Application Spoolman: Configured persistent files: ['.venv', '.env']
2025-05-10 19:35:27,943 [server.py:load_component()] - Component (update_manager) loaded
2025-05-10 19:35:27,944 [announcements.py:register_feed()] - Registering feed spoolman
2025-05-10 19:35:27,944 [server.py:load_component()] - Component (spoolman) loaded
2025-05-10 19:35:27,944 [server.py:_initialize_component()] - Performing Component Post Init: [database]
2025-05-10 19:35:27,965 [server.py:_initialize_component()] - Performing Component Post Init: [dbus_manager]
2025-05-10 19:35:27,969 [server.py:_initialize_component()] - Performing Component Post Init: [authorization]
2025-05-10 19:35:27,969 [server.py:_initialize_component()] - Performing Component Post Init: [machine]
2025-05-10 19:35:27,970 [machine.py:validation_init()] - Installation version in database up to date
2025-05-10 19:35:28,113 [machine.py:check_virt_status()] - No Virtualization Detected
2025-05-10 19:35:28,115 [machine.py:_find_public_ip()] - Detected Local IP: 10.0.0.138
2025-05-10 19:35:28,115 [webcam.py:_set_default_host_ip()] - Default public webcam address set: http://10.0.0.138
2025-05-10 19:35:28,121 [machine.py:extract_service_info()] - Detected alternate unit name for moonraker: moonraker-able.service
2025-05-10 19:35:28,124 [server.py:add_log_rollover_item()] - 
Systemd unit moonraker-able.service:
unit_name: moonraker-able.service
is_default: False
manager: systemd
Properties:
**Requires=['-.mount', 'sysinit.target', 'network-online.target', 'system.slice', 'home.mount']
**After=['basic.target', 'home.mount', 'system.slice', '-.mount', 'network-online.target', 'systemd-journald.socket', 'sysinit.target']
**SupplementaryGroups=['moonraker-admin']
**EnvironmentFiles=/home/octo/able_data/systemd/moonraker.env
**ExecStart=/home/octo/moonraker-env/bin/python $MOONRAKER_ARGS
**WorkingDirectory=/home/octo/moonraker
**FragmentPath=/etc/systemd/system/moonraker-able.service
**Description=API Server for Klipper SV1 able
**User=octo
2025-05-10 19:35:28,124 [server.py:_initialize_component()] - Performing Component Post Init: [proc_stats]
2025-05-10 19:35:28,124 [server.py:_initialize_component()] - Performing Component Post Init: [history]
2025-05-10 19:35:28,125 [server.py:_initialize_component()] - Performing Component Post Init: [announcements]
2025-05-10 19:35:28,126 [server.py:_initialize_component()] - Performing Component Post Init: [webcam]
2025-05-10 19:35:28,126 [webcam.py:_set_default_host_ip()] - Default public webcam address set: http://10.0.0.138
2025-05-10 19:35:28,127 [server.py:_initialize_component()] - Performing Component Post Init: [klippy_connection]
2025-05-10 19:35:28,127 [server.py:add_log_rollover_item()] - 
Systemd unit klipper-able.service:
unit_name: klipper-able.service
is_default: False
manager: systemd
Properties:
**Requires=['sysinit.target', 'system.slice', 'home.mount', '-.mount']
**After=['-.mount', 'system.slice', 'network-online.target', 'basic.target', 'home.mount', 'systemd-journald.socket', 'sysinit.target']
**SupplementaryGroups=[]
**EnvironmentFiles=/home/octo/able_data/systemd/klipper.env
**ExecStart=/home/octo/klippy-env/bin/python $KLIPPER_ARGS
**WorkingDirectory=/home/octo/klipper
**FragmentPath=/etc/systemd/system/klipper-able.service
**Description=Klipper 3D Printer Firmware SV1
**User=octo
2025-05-10 19:35:28,127 [server.py:_initialize_component()] - Performing Component Post Init: [update_manager]
2025-05-10 19:35:28,127 [server.py:_initialize_component()] - Performing Component Post Init: [spoolman]
2025-05-10 19:35:28,128 [spoolman.py:_connect_websocket()] - Connecting To Spoolman: ws://rhino:7912/api/v1/spool
2025-05-10 19:35:28,129 [server.py:add_log_rollover_item()] - Multiple instances of Moonraker have the update manager enabled.
moonraker-pascale:b994aea97c7a4c0f92ada68092db6f56:1572
moonraker-phenoix:3f1d3310bc824d0eaef1d8c35ed8fb8c:1573
moonraker-murphy:bb2e0d0e7ef945368e1a06b160782450:1570
moonraker-bastard:07846642785b482e8652cf586e89e670:1567
moonraker-kane:bc035524ff81449db200b4bcf842a876:1569
moonraker-ben10:7f0ca56182064c6f8821005c8f278fc1:28101
moonraker-punisher:9dcc6c0e41664e1eba2a9b2fab5413d4:766394
moonraker-able:cca50902716f4e06920fbddaeaff39ab:1566
2025-05-10 19:35:28,131 [server.py:add_log_rollover_item()] - Connected to Spoolman Spool Manager
2025-05-10 19:35:28,135 [confighelper.py:create_backup()] - Backing up last working configuration to '/home/octo/able_data/config/.moonraker.conf.bkp'
2025-05-10 19:35:28,136 [extensions.py:start_unix_server()] - Creating Unix Domain Socket at '/home/octo/able_data/comms/moonraker.sock'
2025-05-10 19:35:28,136 [server.py:start_server()] - Starting Moonraker on (0.0.0.0, 7125), Hostname: rhino.server.internal
2025-05-10 19:35:28,136 [application.py:listen()] - SSL Certificate/Key not configured, aborting HTTPS Server startup
2025-05-10 19:35:28,138 [shell_command.py:_check_proc_success()] - Command (git -C /home/octo/moonraker status --porcelain -b) successfully finished
2025-05-10 19:35:28,140 [shell_command.py:_check_proc_success()] - Command (git -C /home/octo/moonraker branch --list --no-color) successfully finished
2025-05-10 19:35:28,143 [shell_command.py:_check_proc_success()] - Command (git -C /home/octo/moonraker remote get-url origin) successfully finished
2025-05-10 19:35:28,387 [klippy_connection.py:_do_connect()] - Klippy Connection Established
2025-05-10 19:35:28,414 [authorization.py:_check_trusted_connection()] - Trusted Connection Detected, IP: 10.0.0.190
2025-05-10 19:35:28,415 [application.py:log_request()] - 101 GET /websocket (10.0.0.190) [_TRUSTED_USER_] 2.03ms
2025-05-10 19:35:28,415 [websockets.py:open()] - Websocket Opened: ID: 139593672835792, Proxied: False, User Agent: Mozilla/5.0 (Windows NT 10.0; Win64; x64) AppleWebKit/537.36 (KHTML, like Gecko) Chrome/136.0.0.0 Safari/537.36, Host Name: rhino
2025-05-10 19:35:28,415 [machine.py:extract_service_info()] - Detected alternate unit name for klipper: klipper-able.service
2025-05-10 19:35:28,423 [common.py:build_error()] - JSON-RPC Request Error - Requested Method: printer.objects.list, Code: -32601, Message: Method not found
2025-05-10 19:35:28,423 [file_manager.py:get_file_list()] - Updating File List <config>...
2025-05-10 19:35:28,455 [shell_command.py:_check_proc_success()] - Command (git -C /home/octo/moonraker fetch origin --prune --progress) successfully finished
2025-05-10 19:35:28,456 [server.py:add_log_rollover_item()] - 
Systemd unit klipper-able.service:
unit_name: klipper-able.service
is_default: False
manager: systemd
Properties:
**Requires=['system.slice', 'sysinit.target', 'home.mount', '-.mount']
**After=['sysinit.target', 'basic.target', 'home.mount', 'system.slice', 'network-online.target', 'systemd-journald.socket', '-.mount']
**SupplementaryGroups=[]
**EnvironmentFiles=/home/octo/able_data/systemd/klipper.env
**ExecStart=/home/octo/klippy-env/bin/python $KLIPPER_ARGS
**WorkingDirectory=/home/octo/klipper
**FragmentPath=/etc/systemd/system/klipper-able.service
**Description=Klipper 3D Printer Firmware SV1
**User=octo
2025-05-10 19:35:28,458 [shell_command.py:_check_proc_success()] - Command (git -C /home/octo/moonraker merge-base --is-ancestor HEAD origin/master) successfully finished
2025-05-10 19:35:28,461 [shell_command.py:_check_proc_success()] - Command (git -C /home/octo/moonraker rev-parse HEAD) successfully finished
2025-05-10 19:35:28,466 [shell_command.py:_check_proc_success()] - Command (git -C /home/octo/moonraker describe --always --tags --long --dirty --abbrev=8) successfully finished
2025-05-10 19:35:28,468 [shell_command.py:_check_proc_success()] - Command (git -C /home/octo/moonraker rev-parse origin/master) successfully finished
2025-05-10 19:35:28,471 [shell_command.py:_check_proc_success()] - Command (git -C /home/octo/moonraker describe origin/master --always --tags --long --abbrev=8) successfully finished
2025-05-10 19:35:28,473 [shell_command.py:_check_proc_success()] - Command (git -C /home/octo/moonraker rev-list HEAD..1c124149720e24f52b80ce82ce906e69476b7724 --count) successfully finished
2025-05-10 19:35:28,473 [git_deploy.py:log_repo_info()] - Git Repo moonraker Detected:
Owner: Arksine
Repository Name: moonraker
Path: /home/octo/moonraker
Remote: origin
Branch: master
Remote URL: https://github.com/Arksine/moonraker.git
Recovery URL: https://github.com/Arksine/moonraker.git
Current Commit SHA: 1c124149720e24f52b80ce82ce906e69476b7724
Upstream Commit SHA: 1c124149720e24f52b80ce82ce906e69476b7724
Current Version: v0.9.3-74-g1c124149
Upstream Version: v0.9.3-74-g1c124149
Rollback Commit: 7cdcca3cb4b7caf27d511d1c4e32fa3297391709
Rollback Branch: master
Rollback Version: v0.9.3-72-g7cdcca3c
Is Dirty: False
Is Detached: False
Is Shallow: False
Commits Behind Count: 0
Diverged: False
Pinned Commit: None
2025-05-10 19:35:28,473 [base_deploy.py:log_info()] - Git Repo moonraker: Channel: dev
2025-05-10 19:35:28,473 [base_deploy.py:log_info()] - Git Repo moonraker: Validity check for git repo passed
2025-05-10 19:35:28,481 [shell_command.py:_check_proc_success()] - Command (git -C /home/octo/klipper status --porcelain -b) successfully finished
2025-05-10 19:35:28,483 [shell_command.py:_check_proc_success()] - Command (git -C /home/octo/klipper branch --list --no-color) successfully finished
2025-05-10 19:35:28,486 [shell_command.py:_check_proc_success()] - Command (git -C /home/octo/klipper remote get-url origin) successfully finished
2025-05-10 19:35:28,486 [git_deploy.py:_check_moved_origin()] - Git repo klipper: Performing moved origin check - https://github.com/kalicocrew/kalico
2025-05-10 19:35:28,708 [server.py:add_log_rollover_item()] - Klipper Version: v0.12.0-696-g9eac41f9
2025-05-10 19:35:28,716 [klippy_connection.py:_request_initial_subscriptions()] - Webhooks Subscribed
2025-05-10 19:35:28,718 [klippy_connection.py:_request_initial_subscriptions()] - GCode Output Subscribed
2025-05-10 19:35:28,967 [job_state.py:_handle_started()] - Job state initialized: standby
2025-05-10 19:35:29,222 [klippy_connection.py:_check_ready()] - Klippy ready
2025-05-10 19:35:29,225 [file_manager.py:get_file_list()] - Updating File List <config>...
2025-05-10 19:35:29,451 [shell_command.py:_check_proc_success()] - Command (git -C /home/octo/klipper fetch origin --prune --progress) successfully finished
2025-05-10 19:35:29,458 [shell_command.py:_check_proc_success()] - Command (git -C /home/octo/klipper merge-base --is-ancestor HEAD origin/bleeding-edge-v2) successfully finished
2025-05-10 19:35:29,464 [shell_command.py:_check_proc_success()] - Command (git -C /home/octo/klipper rev-parse HEAD) successfully finished
2025-05-10 19:35:29,515 [shell_command.py:_check_proc_success()] - Command (git -C /home/octo/klipper describe --always --tags --long --dirty --abbrev=8) successfully finished
2025-05-10 19:35:29,517 [shell_command.py:_check_proc_success()] - Command (git -C /home/octo/klipper rev-parse origin/bleeding-edge-v2) successfully finished
2025-05-10 19:35:29,551 [shell_command.py:_check_proc_success()] - Command (git -C /home/octo/klipper describe origin/bleeding-edge-v2 --always --tags --long --abbrev=8) successfully finished
2025-05-10 19:35:29,553 [shell_command.py:_check_proc_success()] - Command (git -C /home/octo/klipper rev-list HEAD..9eac41f99ac96f01e0c74e57c64b6a4b2674c494 --count) successfully finished
2025-05-10 19:35:29,553 [git_deploy.py:log_repo_info()] - Git Repo klipper Detected:
Owner: KalicoCrew
Repository Name: kalico
Path: /home/octo/klipper
Remote: origin
Branch: bleeding-edge-v2
Remote URL: https://github.com/KalicoCrew/kalico
Recovery URL: https://github.com/KalicoCrew/kalico
Current Commit SHA: 9eac41f99ac96f01e0c74e57c64b6a4b2674c494
Upstream Commit SHA: 9eac41f99ac96f01e0c74e57c64b6a4b2674c494
Current Version: v0.12.0-696-g9eac41f9
Upstream Version: v0.12.0-696-g9eac41f9
Rollback Commit: 9eac41f99ac96f01e0c74e57c64b6a4b2674c494
Rollback Branch: bleeding-edge-v2
Rollback Version: v0.12.0-696-g9eac41f9
Is Dirty: False
Is Detached: False
Is Shallow: False
Commits Behind Count: 0
Diverged: False
Pinned Commit: None
Repo Warnings:
  Unofficial remote url: https://github.com/KalicoCrew/kalico
  Repo not on offical remote/branch, expected: origin/master, detected: origin/bleeding-edge-v2
  Repo has untracked source files: ['klippy/extras/autotune_tmc.py', 'klippy/extras/motor_constants.py']
2025-05-10 19:35:29,554 [base_deploy.py:log_info()] - Git Repo klipper: Channel: dev
2025-05-10 19:35:29,554 [base_deploy.py:log_info()] - Git Repo klipper: Validity check for git repo passed
2025-05-10 19:35:29,756 [base_deploy.py:log_info()] - Web Client mainsail: Detected
Repo: mainsail-crew/mainsail
Channel: stable
Path: /home/octo/mainsail
Local Version: v2.14.0
Remote Version: v2.14.0
Valid: True
Fallback Detected: False
Pre-release: False
Download Url: https://github.com/mainsail-crew/mainsail/releases/download/v2.14.0/mainsail.zip
Download Size: 2848929
Content Type: application/zip
Rollback Version: v2.13.2
Rollback Repo: mainsail-crew/mainsail
2025-05-10 19:35:29,766 [shell_command.py:_check_proc_success()] - Command (git -C /home/octo/Klipper-Adaptive-Meshing-Purging status --porcelain -b) successfully finished
2025-05-10 19:35:29,774 [shell_command.py:_check_proc_success()] - Command (git -C /home/octo/Klipper-Adaptive-Meshing-Purging branch --list --no-color) successfully finished
2025-05-10 19:35:29,786 [shell_command.py:_check_proc_success()] - Command (git -C /home/octo/Klipper-Adaptive-Meshing-Purging remote get-url origin) successfully finished
2025-05-10 19:35:29,970 [data_store.py:_init_sensors()] - Configuring available sensors: ['temperature_sensor mcu_temp', 'temperature_sensor rhino_linux', 'heater_bed', 'extruder']
2025-05-10 19:35:30,139 [shell_command.py:_check_proc_success()] - Command (git -C /home/octo/Klipper-Adaptive-Meshing-Purging fetch origin --prune --progress) successfully finished
2025-05-10 19:35:30,147 [shell_command.py:_check_proc_success()] - Command (git -C /home/octo/Klipper-Adaptive-Meshing-Purging merge-base --is-ancestor HEAD origin/main) successfully finished
2025-05-10 19:35:30,154 [shell_command.py:_check_proc_success()] - Command (git -C /home/octo/Klipper-Adaptive-Meshing-Purging rev-parse HEAD) successfully finished
2025-05-10 19:35:30,163 [shell_command.py:_check_proc_success()] - Command (git -C /home/octo/Klipper-Adaptive-Meshing-Purging describe --always --tags --long --dirty --abbrev=8) successfully finished
2025-05-10 19:35:30,167 [shell_command.py:_check_proc_success()] - Command (git -C /home/octo/Klipper-Adaptive-Meshing-Purging rev-parse origin/main) successfully finished
2025-05-10 19:35:30,175 [shell_command.py:_check_proc_success()] - Command (git -C /home/octo/Klipper-Adaptive-Meshing-Purging describe origin/main --always --tags --long --abbrev=8) successfully finished
2025-05-10 19:35:30,180 [shell_command.py:_check_proc_success()] - Command (git -C /home/octo/Klipper-Adaptive-Meshing-Purging rev-list HEAD..00a076da82d73c50174ceb957035a2898ea7f495 --count) successfully finished
2025-05-10 19:35:30,180 [git_deploy.py:log_repo_info()] - Git Repo Klipper-Adaptive-Meshing-Purging Detected:
Owner: Bradford1040
Repository Name: Klipper-Adaptive-Meshing-Purging
Path: /home/octo/Klipper-Adaptive-Meshing-Purging
Remote: origin
Branch: main
Remote URL: https://github.com/Bradford1040/Klipper-Adaptive-Meshing-Purging.git
Recovery URL: https://github.com/Bradford1040/Klipper-Adaptive-Meshing-Purging.git
Current Commit SHA: 00a076da82d73c50174ceb957035a2898ea7f495
Upstream Commit SHA: 00a076da82d73c50174ceb957035a2898ea7f495
Current Version: v1.1.2-22-g00a076da
Upstream Version: v1.1.2-22-g00a076da
Rollback Commit: 00a076da82d73c50174ceb957035a2898ea7f495
Rollback Branch: main
Rollback Version: v1.1.2-22-g00a076da
Is Dirty: False
Is Detached: False
Is Shallow: False
Commits Behind Count: 0
Diverged: False
Pinned Commit: None
2025-05-10 19:35:30,180 [base_deploy.py:log_info()] - Git Repo Klipper-Adaptive-Meshing-Purging: Channel: dev
2025-05-10 19:35:30,180 [base_deploy.py:log_info()] - Git Repo Klipper-Adaptive-Meshing-Purging: Validity check for git repo passed
2025-05-10 19:35:30,187 [shell_command.py:_check_proc_success()] - Command (git -C /home/octo/able_data/klipper-backup status --porcelain -b) successfully finished
2025-05-10 19:35:30,192 [shell_command.py:_check_proc_success()] - Command (git -C /home/octo/able_data/klipper-backup branch --list --no-color) successfully finished
2025-05-10 19:35:30,200 [shell_command.py:_check_proc_success()] - Command (git -C /home/octo/able_data/klipper-backup remote get-url origin) successfully finished
2025-05-10 19:35:30,401 [application.py:log_request()] - 101 GET /websocket (10.0.0.190) [_TRUSTED_USER_] 0.40ms
2025-05-10 19:35:30,401 [websockets.py:open()] - Websocket Opened: ID: 139593672837072, Proxied: False, User Agent: Mozilla/5.0 (Windows NT 10.0; Win64; x64) AppleWebKit/537.36 (KHTML, like Gecko) Chrome/136.0.0.0 Safari/537.36, Host Name: rhino
2025-05-10 19:35:30,407 [websockets.py:_handle_identify()] - Websocket 139593672837072 Client Identified - Name: mainsail, Version: 2.14.0, Type: web
2025-05-10 19:35:30,518 [shell_command.py:_check_proc_success()] - Command (git -C /home/octo/able_data/klipper-backup fetch origin --prune --progress) successfully finished
2025-05-10 19:35:30,526 [shell_command.py:_check_proc_success()] - Command (git -C /home/octo/able_data/klipper-backup merge-base --is-ancestor HEAD origin/devel-v3.0) successfully finished
2025-05-10 19:35:30,533 [shell_command.py:_check_proc_success()] - Command (git -C /home/octo/able_data/klipper-backup rev-parse HEAD) successfully finished
2025-05-10 19:35:30,548 [shell_command.py:_check_proc_success()] - Command (git -C /home/octo/able_data/klipper-backup describe --always --tags --long --dirty --abbrev=8) successfully finished
2025-05-10 19:35:30,559 [shell_command.py:_check_proc_success()] - Command (git -C /home/octo/able_data/klipper-backup rev-parse origin/devel-v3.0) successfully finished
2025-05-10 19:35:30,568 [websockets.py:on_close()] - Websocket Closed: ID: 139593672835792 Close Code: None, Close Reason: None, Pong Time Elapsed: 2.16
2025-05-10 19:35:30,573 [shell_command.py:_check_proc_success()] - Command (git -C /home/octo/able_data/klipper-backup describe origin/devel-v3.0 --always --tags --long --abbrev=8) successfully finished
2025-05-10 19:35:30,582 [shell_command.py:_check_proc_success()] - Command (git -C /home/octo/able_data/klipper-backup rev-list HEAD..be4d9a692269f515c04d650df73c49f66c21c967 --count) successfully finished
2025-05-10 19:35:30,583 [git_deploy.py:log_repo_info()] - Git Repo klipper-backup Detected:
Owner: Bradford1040
Repository Name: klipper-backup
Path: /home/octo/able_data/klipper-backup
Remote: origin
Branch: devel-v3.0
Remote URL: https://github.com/Bradford1040/klipper-backup.git
Recovery URL: https://github.com/Bradford1040/klipper-backup.git
Current Commit SHA: be4d9a692269f515c04d650df73c49f66c21c967
Upstream Commit SHA: be4d9a692269f515c04d650df73c49f66c21c967
Current Version: v1.3.3-65-gbe4d9a69
Upstream Version: v1.3.3-65-gbe4d9a69
Rollback Commit: ae924faa41ab8e0ab0301414eacc8321ce1934af
Rollback Branch: devel-v3.0
Rollback Version: v1.3.3-64-gae924faa
Is Dirty: False
Is Detached: False
Is Shallow: False
Commits Behind Count: 0
Diverged: False
Pinned Commit: None
2025-05-10 19:35:30,583 [base_deploy.py:log_info()] - Git Repo klipper-backup: Channel: dev
2025-05-10 19:35:30,583 [base_deploy.py:log_info()] - Git Repo klipper-backup: Validity check for git repo passed
2025-05-10 19:35:30,589 [application.py:log_request()] - 101 GET /websocket (10.0.0.190) [_TRUSTED_USER_] 1.13ms
2025-05-10 19:35:30,589 [websockets.py:open()] - Websocket Opened: ID: 139593672836432, Proxied: False, User Agent: Mozilla/5.0 (Windows NT 10.0; Win64; x64) AppleWebKit/537.36 (KHTML, like Gecko) Chrome/136.0.0.0 Safari/537.36, Host Name: rhino
2025-05-10 19:35:30,615 [file_manager.py:get_file_list()] - Updating File List <config>...
2025-05-10 19:35:30,816 [base_deploy.py:log_info()] - Zip Application Spoolman: Detected
Repo: Donkie/Spoolman
Channel: stable
Path: /home/octo/Spoolman
Local Version: v0.22.1
Remote Version: v0.22.1
Valid: True
Fallback Detected: False
Pre-release: False
Download Url: https://github.com/Donkie/Spoolman/releases/download/v0.22.1/spoolman.zip
Download Size: 2007875
Content Type: application/zip
Rollback Version: v0.22.1
Rollback Repo: Donkie/Spoolman
2025-05-10 19:35:30,830 [shell_command.py:_check_proc_success()] - Command (git -C /home/octo/klipper_tmc_autotune status --porcelain -b) successfully finished
2025-05-10 19:35:30,837 [shell_command.py:_check_proc_success()] - Command (git -C /home/octo/klipper_tmc_autotune branch --list --no-color) successfully finished
2025-05-10 19:35:30,850 [shell_command.py:_check_proc_success()] - Command (git -C /home/octo/klipper_tmc_autotune remote get-url origin) successfully finished
2025-05-10 19:35:31,201 [shell_command.py:_check_proc_success()] - Command (git -C /home/octo/klipper_tmc_autotune fetch origin --prune --progress) successfully finished
2025-05-10 19:35:31,210 [shell_command.py:_check_proc_success()] - Command (git -C /home/octo/klipper_tmc_autotune merge-base --is-ancestor HEAD origin/master) successfully finished
2025-05-10 19:35:31,216 [shell_command.py:_check_proc_success()] - Command (git -C /home/octo/klipper_tmc_autotune rev-parse HEAD) successfully finished
2025-05-10 19:35:31,232 [shell_command.py:_check_proc_success()] - Command (git -C /home/octo/klipper_tmc_autotune describe --always --tags --long --dirty --abbrev=8) successfully finished
2025-05-10 19:35:31,238 [shell_command.py:_check_proc_success()] - Command (git -C /home/octo/klipper_tmc_autotune rev-parse origin/master) successfully finished
2025-05-10 19:35:31,250 [shell_command.py:_check_proc_success()] - Command (git -C /home/octo/klipper_tmc_autotune describe origin/master --always --tags --long --abbrev=8) successfully finished
2025-05-10 19:35:31,254 [shell_command.py:_check_proc_success()] - Command (git -C /home/octo/klipper_tmc_autotune rev-list HEAD..b84db69d4ba504a8359ccc821768d78d36dcec43 --count) successfully finished
2025-05-10 19:35:31,254 [git_deploy.py:log_repo_info()] - Git Repo klipper_tmc_autotune Detected:
Owner: Bradford1040
Repository Name: klipper_tmc_autotune
Path: /home/octo/klipper_tmc_autotune
Remote: origin
Branch: master
Remote URL: https://github.com/Bradford1040/klipper_tmc_autotune.git
Recovery URL: https://github.com/Bradford1040/klipper_tmc_autotune.git
Current Commit SHA: b84db69d4ba504a8359ccc821768d78d36dcec43
Upstream Commit SHA: b84db69d4ba504a8359ccc821768d78d36dcec43
Current Version: v0.2.0-235-gb84db69d
Upstream Version: v0.2.0-235-gb84db69d
Rollback Commit: b84db69d4ba504a8359ccc821768d78d36dcec43
Rollback Branch: master
Rollback Version: v0.2.0-235-gb84db69d
Is Dirty: False
Is Detached: False
Is Shallow: False
Commits Behind Count: 0
Diverged: False
Pinned Commit: None
2025-05-10 19:35:31,254 [base_deploy.py:log_info()] - Git Repo klipper_tmc_autotune: Channel: dev
2025-05-10 19:35:31,255 [base_deploy.py:log_info()] - Git Repo klipper_tmc_autotune: Validity check for git repo passed
